Archive member included to satisfy reference by file (symbol)

E:/Software/STM32Cube/STM32CubeCLT/GNU-tools-for-STM32/bin/../lib/gcc/arm-none-eabi/12.3.1/../../../../arm-none-eabi/lib/thumb/v7e-m+dp/hard\libc_nano.a(libc_a-exit.o)
                              E:/Software/STM32Cube/STM32CubeCLT/GNU-tools-for-STM32/bin/../lib/gcc/arm-none-eabi/12.3.1/../../../../arm-none-eabi/lib/thumb/v7e-m+dp/hard/crt0.o (exit)
E:/Software/STM32Cube/STM32CubeCLT/GNU-tools-for-STM32/bin/../lib/gcc/arm-none-eabi/12.3.1/../../../../arm-none-eabi/lib/thumb/v7e-m+dp/hard\libc_nano.a(libc_a-nano-vfprintf_float.o)
                              (_printf_float)
E:/Software/STM32Cube/STM32CubeCLT/GNU-tools-for-STM32/bin/../lib/gcc/arm-none-eabi/12.3.1/../../../../arm-none-eabi/lib/thumb/v7e-m+dp/hard\libc_nano.a(libc_a-nano-vfprintf_i.o)
                              E:/Software/STM32Cube/STM32CubeCLT/GNU-tools-for-STM32/bin/../lib/gcc/arm-none-eabi/12.3.1/../../../../arm-none-eabi/lib/thumb/v7e-m+dp/hard\libc_nano.a(libc_a-nano-vfprintf_float.o) (_printf_common)
E:/Software/STM32Cube/STM32CubeCLT/GNU-tools-for-STM32/bin/../lib/gcc/arm-none-eabi/12.3.1/../../../../arm-none-eabi/lib/thumb/v7e-m+dp/hard\libc_nano.a(libc_a-findfp.o)
                              E:/Software/STM32Cube/STM32CubeCLT/GNU-tools-for-STM32/bin/../lib/gcc/arm-none-eabi/12.3.1/../../../../arm-none-eabi/lib/thumb/v7e-m+dp/hard\libc_nano.a(libc_a-exit.o) (__stdio_exit_handler)
E:/Software/STM32Cube/STM32CubeCLT/GNU-tools-for-STM32/bin/../lib/gcc/arm-none-eabi/12.3.1/../../../../arm-none-eabi/lib/thumb/v7e-m+dp/hard\libc_nano.a(libc_a-fwalk.o)
                              E:/Software/STM32Cube/STM32CubeCLT/GNU-tools-for-STM32/bin/../lib/gcc/arm-none-eabi/12.3.1/../../../../arm-none-eabi/lib/thumb/v7e-m+dp/hard\libc_nano.a(libc_a-findfp.o) (_fwalk_sglue)
E:/Software/STM32Cube/STM32CubeCLT/GNU-tools-for-STM32/bin/../lib/gcc/arm-none-eabi/12.3.1/../../../../arm-none-eabi/lib/thumb/v7e-m+dp/hard\libc_nano.a(libc_a-stdio.o)
                              E:/Software/STM32Cube/STM32CubeCLT/GNU-tools-for-STM32/bin/../lib/gcc/arm-none-eabi/12.3.1/../../../../arm-none-eabi/lib/thumb/v7e-m+dp/hard\libc_nano.a(libc_a-findfp.o) (__sread)
E:/Software/STM32Cube/STM32CubeCLT/GNU-tools-for-STM32/bin/../lib/gcc/arm-none-eabi/12.3.1/../../../../arm-none-eabi/lib/thumb/v7e-m+dp/hard\libc_nano.a(libc_a-memset.o)
                              E:/Software/STM32Cube/STM32CubeCLT/GNU-tools-for-STM32/bin/../lib/gcc/arm-none-eabi/12.3.1/../../../../arm-none-eabi/lib/thumb/v7e-m+dp/hard/crt0.o (memset)
E:/Software/STM32Cube/STM32CubeCLT/GNU-tools-for-STM32/bin/../lib/gcc/arm-none-eabi/12.3.1/../../../../arm-none-eabi/lib/thumb/v7e-m+dp/hard\libc_nano.a(libc_a-localeconv.o)
                              E:/Software/STM32Cube/STM32CubeCLT/GNU-tools-for-STM32/bin/../lib/gcc/arm-none-eabi/12.3.1/../../../../arm-none-eabi/lib/thumb/v7e-m+dp/hard\libc_nano.a(libc_a-nano-vfprintf_float.o) (_localeconv_r)
E:/Software/STM32Cube/STM32CubeCLT/GNU-tools-for-STM32/bin/../lib/gcc/arm-none-eabi/12.3.1/../../../../arm-none-eabi/lib/thumb/v7e-m+dp/hard\libc_nano.a(libc_a-closer.o)
                              E:/Software/STM32Cube/STM32CubeCLT/GNU-tools-for-STM32/bin/../lib/gcc/arm-none-eabi/12.3.1/../../../../arm-none-eabi/lib/thumb/v7e-m+dp/hard\libc_nano.a(libc_a-stdio.o) (_close_r)
E:/Software/STM32Cube/STM32CubeCLT/GNU-tools-for-STM32/bin/../lib/gcc/arm-none-eabi/12.3.1/../../../../arm-none-eabi/lib/thumb/v7e-m+dp/hard\libc_nano.a(libc_a-reent.o)
                              E:/Software/STM32Cube/STM32CubeCLT/GNU-tools-for-STM32/bin/../lib/gcc/arm-none-eabi/12.3.1/../../../../arm-none-eabi/lib/thumb/v7e-m+dp/hard\libc_nano.a(libc_a-closer.o) (errno)
E:/Software/STM32Cube/STM32CubeCLT/GNU-tools-for-STM32/bin/../lib/gcc/arm-none-eabi/12.3.1/../../../../arm-none-eabi/lib/thumb/v7e-m+dp/hard\libc_nano.a(libc_a-impure.o)
                              E:/Software/STM32Cube/STM32CubeCLT/GNU-tools-for-STM32/bin/../lib/gcc/arm-none-eabi/12.3.1/../../../../arm-none-eabi/lib/thumb/v7e-m+dp/hard\libc_nano.a(libc_a-reent.o) (_impure_ptr)
E:/Software/STM32Cube/STM32CubeCLT/GNU-tools-for-STM32/bin/../lib/gcc/arm-none-eabi/12.3.1/../../../../arm-none-eabi/lib/thumb/v7e-m+dp/hard\libc_nano.a(libc_a-lseekr.o)
                              E:/Software/STM32Cube/STM32CubeCLT/GNU-tools-for-STM32/bin/../lib/gcc/arm-none-eabi/12.3.1/../../../../arm-none-eabi/lib/thumb/v7e-m+dp/hard\libc_nano.a(libc_a-stdio.o) (_lseek_r)
E:/Software/STM32Cube/STM32CubeCLT/GNU-tools-for-STM32/bin/../lib/gcc/arm-none-eabi/12.3.1/../../../../arm-none-eabi/lib/thumb/v7e-m+dp/hard\libc_nano.a(libc_a-readr.o)
                              E:/Software/STM32Cube/STM32CubeCLT/GNU-tools-for-STM32/bin/../lib/gcc/arm-none-eabi/12.3.1/../../../../arm-none-eabi/lib/thumb/v7e-m+dp/hard\libc_nano.a(libc_a-stdio.o) (_read_r)
[...]
Memory Configuration

Name             Origin             Length             Attributes
DTCMRAM          0x20000000         0x00020000         xrw
RAM              0x24000000         0x00080000         xrw
RAM_D2           0x30000000         0x00048000         xrw
RAM_D3           0x38000000         0x00010000         xrw
ITCMRAM          0x00000000         0x00010000         xrw
FLASH            0x08000000         0x00200000         xr
*default*        0x00000000         0xffffffff

Linker script and memory map

LOAD E:/Software/STM32Cube/STM32CubeCLT/GNU-tools-for-STM32/bin/../lib/gcc/arm-none-eabi/12.3.1/thumb/v7e-m+dp/hard/crti.o
LOAD E:/Software/STM32Cube/STM32CubeCLT/GNU-tools-for-STM32/bin/../lib/gcc/arm-none-eabi/12.3.1/thumb/v7e-m+dp/hard/crtbegin.o
LOAD E:/Software/STM32Cube/STM32CubeCLT/GNU-tools-for-STM32/bin/../lib/gcc/arm-none-eabi/12.3.1/../../../../arm-none-eabi/lib/thumb/v7e-m+dp/hard/crt0.o
START GROUP
LOAD E:/Software/STM32Cube/STM32CubeCLT/GNU-tools-for-STM32/bin/../lib/gcc/arm-none-eabi/12.3.1/../../../../arm-none-eabi/lib/thumb/v7e-m+dp/hard\libc_nano.a
LOAD E:/Software/STM32Cube/STM32CubeCLT/GNU-tools-for-STM32/bin/../lib/gcc/arm-none-eabi/12.3.1/../../../../arm-none-eabi/lib/thumb/v7e-m+dp/hard\libm.a
END GROUP
LOAD CMakeFiles/CP_Single_Phase_Rectifier_H743IIT6_Hollies_Provincial.dir/User/Src/ad7606.c.obj
LOAD CMakeFiles/CP_Single_Phase_Rectifier_H743IIT6_Hollies_Provincial.dir/User/Src/ina228.c.obj
LOAD CMakeFiles/CP_Single_Phase_Rectifier_H743IIT6_Hollies_Provincial.dir/User/Src/oled.c.obj
LOAD CMakeFiles/CP_Single_Phase_Rectifier_H743IIT6_Hollies_Provincial.dir/User/Src/pid.c.obj
LOAD CMakeFiles/CP_Single_Phase_Rectifier_H743IIT6_Hollies_Provincial.dir/User/Src/single_phase_pll.c.obj
LOAD CMakeFiles/CP_Single_Phase_Rectifier_H743IIT6_Hollies_Provincial.dir/User/Src/user_exit.c.obj
LOAD CMakeFiles/CP_Single_Phase_Rectifier_H743IIT6_Hollies_Provincial.dir/User/Src/user_task.c.obj
LOAD CMakeFiles/CP_Single_Phase_Rectifier_H743IIT6_Hollies_Provincial.dir/Core/Src/main.c.obj
LOAD CMakeFiles/CP_Single_Phase_Rectifier_H743IIT6_Hollies_Provincial.dir/Core/Src/gpio.c.obj
LOAD CMakeFiles/CP_Single_Phase_Rectifier_H743IIT6_Hollies_Provincial.dir/Core/Src/freertos.c.obj
LOAD CMakeFiles/CP_Single_Phase_Rectifier_H743IIT6_Hollies_Provincial.dir/Core/Src/adc.c.obj
LOAD CMakeFiles/CP_Single_Phase_Rectifier_H743IIT6_Hollies_Provincial.dir/Core/Src/dac.c.obj
LOAD CMakeFiles/CP_Single_Phase_Rectifier_H743IIT6_Hollies_Provincial.dir/Core/Src/i2c.c.obj
LOAD CMakeFiles/CP_Single_Phase_Rectifier_H743IIT6_Hollies_Provincial.dir/Core/Src/memorymap.c.obj
LOAD CMakeFiles/CP_Single_Phase_Rectifier_H743IIT6_Hollies_Provincial.dir/Core/Src/spi.c.obj
LOAD CMakeFiles/CP_Single_Phase_Rectifier_H743IIT6_Hollies_Provincial.dir/Core/Src/tim.c.obj
LOAD CMakeFiles/CP_Single_Phase_Rectifier_H743IIT6_Hollies_Provincial.dir/Core/Src/stm32h7xx_it.c.obj
LOAD CMakeFiles/CP_Single_Phase_Rectifier_H743IIT6_Hollies_Provincial.dir/Core/Src/stm32h7xx_hal_msp.c.obj
LOAD CMakeFiles/CP_Single_Phase_Rectifier_H743IIT6_Hollies_Provincial.dir/Core/Src/stm32h7xx_hal_timebase_tim.c.obj
LOAD CMakeFiles/CP_Single_Phase_Rectifier_H743IIT6_Hollies_Provincial.dir/Drivers/STM32H7xx_HAL_Driver/Src/stm32h7xx_hal_adc.c.obj
LOAD CMakeFiles/CP_Single_Phase_Rectifier_H743IIT6_Hollies_Provincial.dir/Drivers/STM32H7xx_HAL_Driver/Src/stm32h7xx_hal_adc_ex.c.obj
LOAD CMakeFiles/CP_Single_Phase_Rectifier_H743IIT6_Hollies_Provincial.dir/Drivers/STM32H7xx_HAL_Driver/Src/stm32h7xx_hal_rcc.c.obj
LOAD CMakeFiles/CP_Single_Phase_Rectifier_H743IIT6_Hollies_Provincial.dir/Drivers/STM32H7xx_HAL_Driver/Src/stm32h7xx_hal_rcc_ex.c.obj
LOAD CMakeFiles/CP_Single_Phase_Rectifier_H743IIT6_Hollies_Provincial.dir/Drivers/STM32H7xx_HAL_Driver/Src/stm32h7xx_hal_flash.c.obj
LOAD CMakeFiles/CP_Single_Phase_Rectifier_H743IIT6_Hollies_Provincial.dir/Drivers/STM32H7xx_HAL_Driver/Src/stm32h7xx_hal_flash_ex.c.obj
LOAD CMakeFiles/CP_Single_Phase_Rectifier_H743IIT6_Hollies_Provincial.dir/Drivers/STM32H7xx_HAL_Driver/Src/stm32h7xx_hal_gpio.c.obj
LOAD CMakeFiles/CP_Single_Phase_Rectifier_H743IIT6_Hollies_Provincial.dir/Drivers/STM32H7xx_HAL_Driver/Src/stm32h7xx_hal_hsem.c.obj
LOAD CMakeFiles/CP_Single_Phase_Rectifier_H743IIT6_Hollies_Provincial.dir/Drivers/STM32H7xx_HAL_Driver/Src/stm32h7xx_hal_dma.c.obj
LOAD CMakeFiles/CP_Single_Phase_Rectifier_H743IIT6_Hollies_Provincial.dir/Drivers/STM32H7xx_HAL_Driver/Src/stm32h7xx_hal_dma_ex.c.obj
LOAD CMakeFiles/CP_Single_Phase_Rectifier_H743IIT6_Hollies_Provincial.dir/Drivers/STM32H7xx_HAL_Driver/Src/stm32h7xx_hal_mdma.c.obj
LOAD CMakeFiles/CP_Single_Phase_Rectifier_H743IIT6_Hollies_Provincial.dir/Drivers/STM32H7xx_HAL_Driver/Src/stm32h7xx_hal_pwr.c.obj
LOAD CMakeFiles/CP_Single_Phase_Rectifier_H743IIT6_Hollies_Provincial.dir/Drivers/STM32H7xx_HAL_Driver/Src/stm32h7xx_hal_pwr_ex.c.obj
LOAD CMakeFiles/CP_Single_Phase_Rectifier_H743IIT6_Hollies_Provincial.dir/Drivers/STM32H7xx_HAL_Driver/Src/stm32h7xx_hal_cortex.c.obj
LOAD CMakeFiles/CP_Single_Phase_Rectifier_H743IIT6_Hollies_Provincial.dir/Drivers/STM32H7xx_HAL_Driver/Src/stm32h7xx_hal.c.obj
LOAD CMakeFiles/CP_Single_Phase_Rectifier_H743IIT6_Hollies_Provincial.dir/Drivers/STM32H7xx_HAL_Driver/Src/stm32h7xx_hal_i2c.c.obj
LOAD CMakeFiles/CP_Single_Phase_Rectifier_H743IIT6_Hollies_Provincial.dir/Drivers/STM32H7xx_HAL_Driver/Src/stm32h7xx_hal_i2c_ex.c.obj
LOAD CMakeFiles/CP_Single_Phase_Rectifier_H743IIT6_Hollies_Provincial.dir/Drivers/STM32H7xx_HAL_Driver/Src/stm32h7xx_hal_exti.c.obj
LOAD CMakeFiles/CP_Single_Phase_Rectifier_H743IIT6_Hollies_Provincial.dir/Drivers/STM32H7xx_HAL_Driver/Src/stm32h7xx_hal_dac.c.obj
LOAD CMakeFiles/CP_Single_Phase_Rectifier_H743IIT6_Hollies_Provincial.dir/Drivers/STM32H7xx_HAL_Driver/Src/stm32h7xx_hal_dac_ex.c.obj
LOAD CMakeFiles/CP_Single_Phase_Rectifier_H743IIT6_Hollies_Provincial.dir/Drivers/STM32H7xx_HAL_Driver/Src/stm32h7xx_hal_spi.c.obj
LOAD CMakeFiles/CP_Single_Phase_Rectifier_H743IIT6_Hollies_Provincial.dir/Drivers/STM32H7xx_HAL_Driver/Src/stm32h7xx_hal_spi_ex.c.obj
LOAD CMakeFiles/CP_Single_Phase_Rectifier_H743IIT6_Hollies_Provincial.dir/Drivers/STM32H7xx_HAL_Driver/Src/stm32h7xx_hal_tim.c.obj
LOAD CMakeFiles/CP_Single_Phase_Rectifier_H743IIT6_Hollies_Provincial.dir/Drivers/STM32H7xx_HAL_Driver/Src/stm32h7xx_hal_tim_ex.c.obj
LOAD CMakeFiles/CP_Single_Phase_Rectifier_H743IIT6_Hollies_Provincial.dir/Core/Src/system_stm32h7xx.c.obj
LOAD CMakeFiles/CP_Single_Phase_Rectifier_H743IIT6_Hollies_Provincial.dir/Middlewares/Third_Party/FreeRTOS/Source/croutine.c.obj
LOAD CMakeFiles/CP_Single_Phase_Rectifier_H743IIT6_Hollies_Provincial.dir/Middlewares/Third_Party/FreeRTOS/Source/event_groups.c.obj
LOAD CMakeFiles/CP_Single_Phase_Rectifier_H743IIT6_Hollies_Provincial.dir/Middlewares/Third_Party/FreeRTOS/Source/list.c.obj
LOAD CMakeFiles/CP_Single_Phase_Rectifier_H743IIT6_Hollies_Provincial.dir/Middlewares/Third_Party/FreeRTOS/Source/queue.c.obj
LOAD CMakeFiles/CP_Single_Phase_Rectifier_H743IIT6_Hollies_Provincial.dir/Middlewares/Third_Party/FreeRTOS/Source/stream_buffer.c.obj
LOAD CMakeFiles/CP_Single_Phase_Rectifier_H743IIT6_Hollies_Provincial.dir/Middlewares/Third_Party/FreeRTOS/Source/tasks.c.obj
LOAD CMakeFiles/CP_Single_Phase_Rectifier_H743IIT6_Hollies_Provincial.dir/Middlewares/Third_Party/FreeRTOS/Source/timers.c.obj
LOAD CMakeFiles/CP_Single_Phase_Rectifier_H743IIT6_Hollies_Provincial.dir/12cc7657507c77fa82d6e45e97bbb489/CMSIS_RTOS_V2/cmsis_os2.c.obj
LOAD CMakeFiles/CP_Single_Phase_Rectifier_H743IIT6_Hollies_Provincial.dir/12cc7657507c77fa82d6e45e97bbb489/portable/MemMang/heap_4.c.obj
LOAD CMakeFiles/CP_Single_Phase_Rectifier_H743IIT6_Hollies_Provincial.dir/12cc7657507c77fa82d6e45e97bbb489/portable/GCC/ARM_CM4F/port.c.obj
LOAD CMakeFiles/CP_Single_Phase_Rectifier_H743IIT6_Hollies_Provincial.dir/Core/Src/sysmem.c.obj
LOAD CMakeFiles/CP_Single_Phase_Rectifier_H743IIT6_Hollies_Provincial.dir/Core/Src/syscalls.c.obj
LOAD CMakeFiles/CP_Single_Phase_Rectifier_H743IIT6_Hollies_Provincial.dir/startup_stm32h743xx.s.obj
LOAD D:/User/Document/Project/STM32_Cmake_Project/CP_Single_Phase_Rectifier_H743IIT6_Hollies_Provincial/Drivers/CMSIS/DSP/Lib/GCC\libarm_cortexM7lfdp_math.a
START GROUP
LOAD E:/Software/STM32Cube/STM32CubeCLT/GNU-tools-for-STM32/bin/../lib/gcc/arm-none-eabi/12.3.1/thumb/v7e-m+dp/hard\libgcc.a
LOAD E:/Software/STM32Cube/STM32CubeCLT/GNU-tools-for-STM32/bin/../lib/gcc/arm-none-eabi/12.3.1/../../../../arm-none-eabi/lib/thumb/v7e-m+dp/hard\libg_nano.a
LOAD E:/Software/STM32Cube/STM32CubeCLT/GNU-tools-for-STM32/bin/../lib/gcc/arm-none-eabi/12.3.1/../../../../arm-none-eabi/lib/thumb/v7e-m+dp/hard\libc_nano.a
END GROUP
START GROUP
LOAD E:/Software/STM32Cube/STM32CubeCLT/GNU-tools-for-STM32/bin/../lib/gcc/arm-none-eabi/12.3.1/thumb/v7e-m+dp/hard\libgcc.a
LOAD E:/Software/STM32Cube/STM32CubeCLT/GNU-tools-for-STM32/bin/../lib/gcc/arm-none-eabi/12.3.1/../../../../arm-none-eabi/lib/thumb/v7e-m+dp/hard\libc_nano.a
END GROUP
LOAD E:/Software/STM32Cube/STM32CubeCLT/GNU-tools-for-STM32/bin/../lib/gcc/arm-none-eabi/12.3.1/thumb/v7e-m+dp/hard/crtend.o
LOAD E:/Software/STM32Cube/STM32CubeCLT/GNU-tools-for-STM32/bin/../lib/gcc/arm-none-eabi/12.3.1/thumb/v7e-m+dp/hard/crtn.o
                0x20020000                        _estack = (ORIGIN (DTCMRAM) + LENGTH (DTCMRAM))
                0x00002000                        _Min_Heap_Size = 0x2000
                0x00004000                        _Min_Stack_Size = 0x4000

.isr_vector     0x08000000      0x298
                0x08000000                        . = ALIGN (0x4)
 *(.isr_vector)
 .isr_vector    0x08000000      0x298 CMakeFiles/CP_Single_Phase_Rectifier_H743IIT6_Hollies_Provincial.dir/startup_stm32h743xx.s.obj
                0x08000000                g_pfnVectors
                0x08000298                        . = ALIGN (0x4)

.text           0x080002a0     0xd3e0
                0x080002a0                        . = ALIGN (0x4)
 *(.text)
 .text          0x080002a0       0x40 E:/Software/STM32Cube/STM32CubeCLT/GNU-tools-for-STM32/bin/../lib/gcc/arm-none-eabi/12.3.1/thumb/v7e-m+dp/hard/crtbegin.o
 .text          0x080002e0       0xa0 E:/Software/STM32Cube/STM32CubeCLT/GNU-tools-for-STM32/bin/../lib/gcc/arm-none-eabi/12.3.1/../../../../arm-none-eabi/lib/thumb/v7e-m+dp/hard\libc_nano.a(libc_a-memchr.o)
                0x080002e0                memchr
 .text          0x08000380       0x10 E:/Software/STM32Cube/STM32CubeCLT/GNU-tools-for-STM32/bin/../lib/gcc/arm-none-eabi/12.3.1/../../../../arm-none-eabi/lib/thumb/v7e-m+dp/hard\libc_nano.a(libc_a-strlen.o)
                0x08000380                strlen
 *(.text*)
 .text.__cvt    0x08000390       0xa8 E:/Software/STM32Cube/STM32CubeCLT/GNU-tools-for-STM32/bin/../lib/gcc/arm-none-eabi/12.3.1/../../../../arm-none-eabi/lib/thumb/v7e-m+dp/hard\libc_nano.a(libc_a-nano-vfprintf_float.o)
                0x08000390                __cvt
 .text.__exponent
                0x08000438       0x74 E:/Software/STM32Cube/STM32CubeCLT/GNU-tools-for-STM32/bin/../lib/gcc/arm-none-eabi/12.3.1/../../../../arm-none-eabi/lib/thumb/v7e-m+dp/hard\libc_nano.a(libc_a-nano-vfprintf_float.o)
                0x08000438                __exponent
 *fill*         0x080004ac        0x4 
 .text._printf_float
                0x080004b0      0x434 E:/Software/STM32Cube/STM32CubeCLT/GNU-tools-for-STM32/bin/../lib/gcc/arm-none-eabi/12.3.1/../../../../arm-none-eabi/lib/thumb/v7e-m+dp/hard\libc_nano.a(libc_a-nano-vfprintf_float.o)
                0x080004b0                _printf_float
 .text._printf_common
                0x080008e4       0xda E:/Software/STM32Cube/STM32CubeCLT/GNU-tools-for-STM32/bin/../lib/gcc/arm-none-eabi/12.3.1/../../../../arm-none-eabi/lib/thumb/v7e-m+dp/hard\libc_nano.a(libc_a-nano-vfprintf_i.o)
                0x080008e4                _printf_common
 *fill*         0x080009be        0x2 
 .text._printf_i
                0x080009c0      0x240 E:/Software/STM32Cube/STM32CubeCLT/GNU-tools-for-STM32/bin/../lib/gcc/arm-none-eabi/12.3.1/../../../../arm-none-eabi/lib/thumb/v7e-m+dp/hard\libc_nano.a(libc_a-nano-vfprintf_i.o)
                0x080009c0                _printf_i
 .text.std      0x08000c00       0x6c E:/Software/STM32Cube/STM32CubeCLT/GNU-tools-for-STM32/bin/../lib/gcc/arm-none-eabi/12.3.1/../../../../arm-none-eabi/lib/thumb/v7e-m+dp/hard\libc_nano.a(libc_a-findfp.o)
 .text.stdio_exit_handler
                0x08000c6c       0x18 E:/Software/STM32Cube/STM32CubeCLT/GNU-tools-for-STM32/bin/../lib/gcc/arm-none-eabi/12.3.1/../../../../arm-none-eabi/lib/thumb/v7e-m+dp/hard\libc_nano.a(libc_a-findfp.o)
 .text.cleanup_stdio
                0x08000c84       0x40 E:/Software/STM32Cube/STM32CubeCLT/GNU-tools-for-STM32/bin/../lib/gcc/arm-none-eabi/12.3.1/../../../../arm-none-eabi/lib/thumb/v7e-m+dp/hard\libc_nano.a(libc_a-findfp.o)
 .text.global_stdio_init.part.0
                0x08000cc4       0x3c E:/Software/STM32Cube/STM32CubeCLT/GNU-tools-for-STM32/bin/../lib/gcc/arm-none-eabi/12.3.1/../../../../arm-none-eabi/lib/thumb/v7e-m+dp/hard\libc_nano.a(libc_a-findfp.o)
 .text.__sfp_lock_acquire
                0x08000d00        0xc E:/Software/STM32Cube/STM32CubeCLT/GNU-tools-for-STM32/bin/../lib/gcc/arm-none-eabi/12.3.1/../../../../arm-none-eabi/lib/thumb/v7e-m+dp/hard\libc_nano.a(libc_a-findfp.o)
                0x08000d00                __sfp_lock_acquire
 .text.__sfp_lock_release
                0x08000d0c        0xc E:/Software/STM32Cube/STM32CubeCLT/GNU-tools-for-STM32/bin/../lib/gcc/arm-none-eabi/12.3.1/../../../../arm-none-eabi/lib/thumb/v7e-m+dp/hard\libc_nano.a(libc_a-findfp.o)
                0x08000d0c                __sfp_lock_release
 .text.__sinit  0x08000d18       0x30 E:/Software/STM32Cube/STM32CubeCLT/GNU-tools-for-STM32/bin/../lib/gcc/arm-none-eabi/12.3.1/../../../../arm-none-eabi/lib/thumb/v7e-m+dp/hard\libc_nano.a(libc_a-findfp.o)
                0x08000d18                __sinit
 .text._fwalk_sglue
                0x08000d48       0x3c E:/Software/STM32Cube/STM32CubeCLT/GNU-tools-for-STM32/bin/../lib/gcc/arm-none-eabi/12.3.1/../../../../arm-none-eabi/lib/thumb/v7e-m+dp/hard\libc_nano.a(libc_a-fwalk.o)
                0x08000d48                _fwalk_sglue
 .text.__sread  0x08000d84       0x22 E:/Software/STM32Cube/STM32CubeCLT/GNU-tools-for-STM32/bin/../lib/gcc/arm-none-eabi/12.3.1/../../../../arm-none-eabi/lib/thumb/v7e-m+dp/hard\libc_nano.a(libc_a-stdio.o)
                0x08000d84                __sread
 .text.__swrite
                0x08000da6       0x38 E:/Software/STM32Cube/STM32CubeCLT/GNU-tools-for-STM32/bin/../lib/gcc/arm-none-eabi/12.3.1/../../../../arm-none-eabi/lib/thumb/v7e-m+dp/hard\libc_nano.a(libc_a-stdio.o)
                0x08000da6                __swrite
 .text.__sseek  0x08000dde       0x24 E:/Software/STM32Cube/STM32CubeCLT/GNU-tools-for-STM32/bin/../lib/gcc/arm-none-eabi/12.3.1/../../../../arm-none-eabi/lib/thumb/v7e-m+dp/hard\libc_nano.a(libc_a-stdio.o)
                0x08000dde                __sseek
 .text.__sclose
                0x08000e02        0x8 E:/Software/STM32Cube/STM32CubeCLT/GNU-tools-for-STM32/bin/../lib/gcc/arm-none-eabi/12.3.1/../../../../arm-none-eabi/lib/thumb/v7e-m+dp/hard\libc_nano.a(libc_a-stdio.o)
                0x08000e02                __sclose
 .text.memset   0x08000e0a       0x10 E:/Software/STM32Cube/STM32CubeCLT/GNU-tools-for-STM32/bin/../lib/gcc/arm-none-eabi/12.3.1/../../../../arm-none-eabi/lib/thumb/v7e-m+dp/hard\libc_nano.a(libc_a-memset.o)
                0x08000e0a                memset
 *fill*         0x08000e1a        0x2 
 .text._localeconv_r
                0x08000e1c        0x8 E:/Software/STM32Cube/STM32CubeCLT/GNU-tools-for-STM32/bin/../lib/gcc/arm-none-eabi/12.3.1/../../../../arm-none-eabi/lib/thumb/v7e-m+dp/hard\libc_nano.a(libc_a-localeconv.o)
                0x08000e1c                _localeconv_r
 .text._close_r
                0x08000e24       0x20 E:/Software/STM32Cube/STM32CubeCLT/GNU-tools-for-STM32/bin/../lib/gcc/arm-none-eabi/12.3.1/../../../../arm-none-eabi/lib/thumb/v7e-m+dp/hard\libc_nano.a(libc_a-closer.o)
                0x08000e24                _close_r
 .text._lseek_r
                0x08000e44       0x24 E:/Software/STM32Cube/STM32CubeCLT/GNU-tools-for-STM32/bin/../lib/gcc/arm-none-eabi/12.3.1/../../../../arm-none-eabi/lib/thumb/v7e-m+dp/hard\libc_nano.a(libc_a-lseekr.o)
                0x08000e44                _lseek_r
 .text._read_r  0x08000e68       0x24 E:/Software/STM32Cube/STM32CubeCLT/GNU-tools-for-STM32/bin/../lib/gcc/arm-none-eabi/12.3.1/../../../../arm-none-eabi/lib/thumb/v7e-m+dp/hard\libc_nano.a(libc_a-readr.o)
                0x08000e68                _read_r
 .text._write_r
                0x08000e8c       0x24 E:/Software/STM32Cube/STM32CubeCLT/GNU-tools-for-STM32/bin/../lib/gcc/arm-none-eabi/12.3.1/../../../../arm-none-eabi/lib/thumb/v7e-m+dp/hard\libc_nano.a(libc_a-writer.o)
                0x08000e8c                _write_r
 .text.__libc_init_array
                0x08000eb0       0x48 E:/Software/STM32Cube/STM32CubeCLT/GNU-tools-for-STM32/bin/../lib/gcc/arm-none-eabi/12.3.1/../../../../arm-none-eabi/lib/thumb/v7e-m+dp/hard\libc_nano.a(libc_a-init.o)
                0x08000eb0                __libc_init_array
 .text.__retarget_lock_init_recursive
                0x08000ef8        0x2 E:/Software/STM32Cube/STM32CubeCLT/GNU-tools-for-STM32/bin/../lib/gcc/arm-none-eabi/12.3.1/../../../../arm-none-eabi/lib/thumb/v7e-m+dp/hard\libc_nano.a(libc_a-lock.o)
                0x08000ef8                __retarget_lock_init_recursive
 .text.__retarget_lock_acquire_recursive
                0x08000efa        0x2 E:/Software/STM32Cube/STM32CubeCLT/GNU-tools-for-STM32/bin/../lib/gcc/arm-none-eabi/12.3.1/../../../../arm-none-eabi/lib/thumb/v7e-m+dp/hard\libc_nano.a(libc_a-lock.o)
                0x08000efa                __retarget_lock_acquire_recursive
 .text.__retarget_lock_release_recursive
                0x08000efc        0x2 E:/Software/STM32Cube/STM32CubeCLT/GNU-tools-for-STM32/bin/../lib/gcc/arm-none-eabi/12.3.1/../../../../arm-none-eabi/lib/thumb/v7e-m+dp/hard\libc_nano.a(libc_a-lock.o)
                0x08000efc                __retarget_lock_release_recursive
 .text.quorem   0x08000efe      0x110 E:/Software/STM32Cube/STM32CubeCLT/GNU-tools-for-STM32/bin/../lib/gcc/arm-none-eabi/12.3.1/../../../../arm-none-eabi/lib/thumb/v7e-m+dp/hard\libc_nano.a(libc_a-dtoa.o)
 *fill*         0x0800100e        0x2 
 .text._dtoa_r  0x08001010      0xaac E:/Software/STM32Cube/STM32CubeCLT/GNU-tools-for-STM32/bin/../lib/gcc/arm-none-eabi/12.3.1/../../../../arm-none-eabi/lib/thumb/v7e-m+dp/hard\libc_nano.a(libc_a-dtoa.o)
                0x08001010                _dtoa_r
 .text._free_r  0x08001abc       0x94 E:/Software/STM32Cube/STM32CubeCLT/GNU-tools-for-STM32/bin/../lib/gcc/arm-none-eabi/12.3.1/../../../../arm-none-eabi/lib/thumb/v7e-m+dp/hard\libc_nano.a(libc_a-freer.o)
                0x08001abc                _free_r
 .text.malloc   0x08001b50       0x10 E:/Software/STM32Cube/STM32CubeCLT/GNU-tools-for-STM32/bin/../lib/gcc/arm-none-eabi/12.3.1/../../../../arm-none-eabi/lib/thumb/v7e-m+dp/hard\libc_nano.a(libc_a-malloc.o)
                0x08001b50                malloc
 .text.sbrk_aligned
                0x08001b60       0x44 E:/Software/STM32Cube/STM32CubeCLT/GNU-tools-for-STM32/bin/../lib/gcc/arm-none-eabi/12.3.1/../../../../arm-none-eabi/lib/thumb/v7e-m+dp/hard\libc_nano.a(libc_a-mallocr.o)
 .text._malloc_r
                0x08001ba4      0x100 E:/Software/STM32Cube/STM32CubeCLT/GNU-tools-for-STM32/bin/../lib/gcc/arm-none-eabi/12.3.1/../../../../arm-none-eabi/lib/thumb/v7e-m+dp/hard\libc_nano.a(libc_a-mallocr.o)
                0x08001ba4                _malloc_r
 .text.__malloc_lock
                0x08001ca4        0xc E:/Software/STM32Cube/STM32CubeCLT/GNU-tools-for-STM32/bin/../lib/gcc/arm-none-eabi/12.3.1/../../../../arm-none-eabi/lib/thumb/v7e-m+dp/hard\libc_nano.a(libc_a-mlock.o)
                0x08001ca4                __malloc_lock
 .text.__malloc_unlock
                0x08001cb0        0xc E:/Software/STM32Cube/STM32CubeCLT/GNU-tools-for-STM32/bin/../lib/gcc/arm-none-eabi/12.3.1/../../../../arm-none-eabi/lib/thumb/v7e-m+dp/hard\libc_nano.a(libc_a-mlock.o)
                0x08001cb0                __malloc_unlock
 .text._Balloc  0x08001cbc       0x80 E:/Software/STM32Cube/STM32CubeCLT/GNU-tools-for-STM32/bin/../lib/gcc/arm-none-eabi/12.3.1/../../../../arm-none-eabi/lib/thumb/v7e-m+dp/hard\libc_nano.a(libc_a-mprec.o)
                0x08001cbc                _Balloc
 .text._Bfree   0x08001d3c       0x44 E:/Software/STM32Cube/STM32CubeCLT/GNU-tools-for-STM32/bin/../lib/gcc/arm-none-eabi/12.3.1/../../../../arm-none-eabi/lib/thumb/v7e-m+dp/hard\libc_nano.a(libc_a-mprec.o)
                0x08001d3c                _Bfree
 .text.__multadd
                0x08001d80       0x8c E:/Software/STM32Cube/STM32CubeCLT/GNU-tools-for-STM32/bin/../lib/gcc/arm-none-eabi/12.3.1/../../../../arm-none-eabi/lib/thumb/v7e-m+dp/hard\libc_nano.a(libc_a-mprec.o)
                0x08001d80                __multadd
 .text.__hi0bits
                0x08001e0c       0x3e E:/Software/STM32Cube/STM32CubeCLT/GNU-tools-for-STM32/bin/../lib/gcc/arm-none-eabi/12.3.1/../../../../arm-none-eabi/lib/thumb/v7e-m+dp/hard\libc_nano.a(libc_a-mprec.o)
                0x08001e0c                __hi0bits
 .text.__lo0bits
                0x08001e4a       0x5a E:/Software/STM32Cube/STM32CubeCLT/GNU-tools-for-STM32/bin/../lib/gcc/arm-none-eabi/12.3.1/../../../../arm-none-eabi/lib/thumb/v7e-m+dp/hard\libc_nano.a(libc_a-mprec.o)
                0x08001e4a                __lo0bits
 .text.__i2b    0x08001ea4       0x2c E:/Software/STM32Cube/STM32CubeCLT/GNU-tools-for-STM32/bin/../lib/gcc/arm-none-eabi/12.3.1/../../../../arm-none-eabi/lib/thumb/v7e-m+dp/hard\libc_nano.a(libc_a-mprec.o)
                0x08001ea4                __i2b
 .text.__multiply
                0x08001ed0      0x154 E:/Software/STM32Cube/STM32CubeCLT/GNU-tools-for-STM32/bin/../lib/gcc/arm-none-eabi/12.3.1/../../../../arm-none-eabi/lib/thumb/v7e-m+dp/hard\libc_nano.a(libc_a-mprec.o)
                0x08001ed0                __multiply
 .text.__pow5mult
                0x08002024       0xb4 E:/Software/STM32Cube/STM32CubeCLT/GNU-tools-for-STM32/bin/../lib/gcc/arm-none-eabi/12.3.1/../../../../arm-none-eabi/lib/thumb/v7e-m+dp/hard\libc_nano.a(libc_a-mprec.o)
                0x08002024                __pow5mult
 .text.__lshift
                0x080020d8       0xd8 E:/Software/STM32Cube/STM32CubeCLT/GNU-tools-for-STM32/bin/../lib/gcc/arm-none-eabi/12.3.1/../../../../arm-none-eabi/lib/thumb/v7e-m+dp/hard\libc_nano.a(libc_a-mprec.o)
                0x080020d8                __lshift
 .text.__mcmp   0x080021b0       0x36 E:/Software/STM32Cube/STM32CubeCLT/GNU-tools-for-STM32/bin/../lib/gcc/arm-none-eabi/12.3.1/../../../../arm-none-eabi/lib/thumb/v7e-m+dp/hard\libc_nano.a(libc_a-mprec.o)
                0x080021b0                __mcmp
 *fill*         0x080021e6        0x2 
 .text.__mdiff  0x080021e8      0x128 E:/Software/STM32Cube/STM32CubeCLT/GNU-tools-for-STM32/bin/../lib/gcc/arm-none-eabi/12.3.1/../../../../arm-none-eabi/lib/thumb/v7e-m+dp/hard\libc_nano.a(libc_a-mprec.o)
                0x080021e8                __mdiff
 .text.__d2b    0x08002310       0xb0 E:/Software/STM32Cube/STM32CubeCLT/GNU-tools-for-STM32/bin/../lib/gcc/arm-none-eabi/12.3.1/../../../../arm-none-eabi/lib/thumb/v7e-m+dp/hard\libc_nano.a(libc_a-mprec.o)
                0x08002310                __d2b
 .text.__sflush_r
                0x080023c0      0x108 E:/Software/STM32Cube/STM32CubeCLT/GNU-tools-for-STM32/bin/../lib/gcc/arm-none-eabi/12.3.1/../../../../arm-none-eabi/lib/thumb/v7e-m+dp/hard\libc_nano.a(libc_a-fflush.o)
                0x080023c0                __sflush_r
 .text._fflush_r
                0x080024c8       0x50 E:/Software/STM32Cube/STM32CubeCLT/GNU-tools-for-STM32/bin/../lib/gcc/arm-none-eabi/12.3.1/../../../../arm-none-eabi/lib/thumb/v7e-m+dp/hard\libc_nano.a(libc_a-fflush.o)
                0x080024c8                _fflush_r
 .text._sbrk_r  0x08002518       0x20 E:/Software/STM32Cube/STM32CubeCLT/GNU-tools-for-STM32/bin/../lib/gcc/arm-none-eabi/12.3.1/../../../../arm-none-eabi/lib/thumb/v7e-m+dp/hard\libc_nano.a(libc_a-sbrkr.o)
                0x08002518                _sbrk_r
 .text.memcpy   0x08002538       0x1c E:/Software/STM32Cube/STM32CubeCLT/GNU-tools-for-STM32/bin/../lib/gcc/arm-none-eabi/12.3.1/../../../../arm-none-eabi/lib/thumb/v7e-m+dp/hard\libc_nano.a(libc_a-memcpy-stub.o)
                0x08002538                memcpy
 .text.__assert_func
                0x08002554       0x3c E:/Software/STM32Cube/STM32CubeCLT/GNU-tools-for-STM32/bin/../lib/gcc/arm-none-eabi/12.3.1/../../../../arm-none-eabi/lib/thumb/v7e-m+dp/hard\libc_nano.a(libc_a-assert.o)
                0x08002554                __assert_func
 .text._calloc_r
                0x08002590       0x28 E:/Software/STM32Cube/STM32CubeCLT/GNU-tools-for-STM32/bin/../lib/gcc/arm-none-eabi/12.3.1/../../../../arm-none-eabi/lib/thumb/v7e-m+dp/hard\libc_nano.a(libc_a-callocr.o)
                0x08002590                _calloc_r
 .text.__ascii_mbtowc
                0x080025b8       0x24 E:/Software/STM32Cube/STM32CubeCLT/GNU-tools-for-STM32/bin/../lib/gcc/arm-none-eabi/12.3.1/../../../../arm-none-eabi/lib/thumb/v7e-m+dp/hard\libc_nano.a(libc_a-mbtowc_r.o)
                0x080025b8                __ascii_mbtowc
 .text.__ascii_wctomb
                0x080025dc       0x1a E:/Software/STM32Cube/STM32CubeCLT/GNU-tools-for-STM32/bin/../lib/gcc/arm-none-eabi/12.3.1/../../../../arm-none-eabi/lib/thumb/v7e-m+dp/hard\libc_nano.a(libc_a-wctomb_r.o)
                0x080025dc                __ascii_wctomb
 *fill*         0x080025f6        0x2 
 .text.fprintf  0x080025f8       0x24 E:/Software/STM32Cube/STM32CubeCLT/GNU-tools-for-STM32/bin/../lib/gcc/arm-none-eabi/12.3.1/../../../../arm-none-eabi/lib/thumb/v7e-m+dp/hard\libc_nano.a(libc_a-fprintf.o)
                0x080025f8                fiprintf
                0x080025f8                fprintf
 .text.abort    0x0800261c        0xe E:/Software/STM32Cube/STM32CubeCLT/GNU-tools-for-STM32/bin/../lib/gcc/arm-none-eabi/12.3.1/../../../../arm-none-eabi/lib/thumb/v7e-m+dp/hard\libc_nano.a(libc_a-abort.o)
                0x0800261c                abort
 .text.__sfputc_r
                0x0800262a       0x2e E:/Software/STM32Cube/STM32CubeCLT/GNU-tools-for-STM32/bin/../lib/gcc/arm-none-eabi/12.3.1/../../../../arm-none-eabi/lib/thumb/v7e-m+dp/hard\libc_nano.a(libc_a-nano-vfprintf.o)
 .text.__sfputs_r
                0x08002658       0x24 E:/Software/STM32Cube/STM32CubeCLT/GNU-tools-for-STM32/bin/../lib/gcc/arm-none-eabi/12.3.1/../../../../arm-none-eabi/lib/thumb/v7e-m+dp/hard\libc_nano.a(libc_a-nano-vfprintf.o)
                0x08002658                __sfputs_r
 .text._vfprintf_r
                0x0800267c      0x230 E:/Software/STM32Cube/STM32CubeCLT/GNU-tools-for-STM32/bin/../lib/gcc/arm-none-eabi/12.3.1/../../../../arm-none-eabi/lib/thumb/v7e-m+dp/hard\libc_nano.a(libc_a-nano-vfprintf.o)
                0x0800267c                _vfprintf_r
                0x0800267c                _vfiprintf_r
 .text.__swbuf_r
                0x080028ac       0x7c E:/Software/STM32Cube/STM32CubeCLT/GNU-tools-for-STM32/bin/../lib/gcc/arm-none-eabi/12.3.1/../../../../arm-none-eabi/lib/thumb/v7e-m+dp/hard\libc_nano.a(libc_a-wbuf.o)
                0x080028ac                __swbuf_r
 .text.__swsetup_r
                0x08002928       0xac E:/Software/STM32Cube/STM32CubeCLT/GNU-tools-for-STM32/bin/../lib/gcc/arm-none-eabi/12.3.1/../../../../arm-none-eabi/lib/thumb/v7e-m+dp/hard\libc_nano.a(libc_a-wsetup.o)
                0x08002928                __swsetup_r
 .text.memmove  0x080029d4       0x34 E:/Software/STM32Cube/STM32CubeCLT/GNU-tools-for-STM32/bin/../lib/gcc/arm-none-eabi/12.3.1/../../../../arm-none-eabi/lib/thumb/v7e-m+dp/hard\libc_nano.a(libc_a-memmove.o)
                0x080029d4                memmove
 .text._raise_r
                0x08002a08       0x50 E:/Software/STM32Cube/STM32CubeCLT/GNU-tools-for-STM32/bin/../lib/gcc/arm-none-eabi/12.3.1/../../../../arm-none-eabi/lib/thumb/v7e-m+dp/hard\libc_nano.a(libc_a-signal.o)
                0x08002a08                _raise_r
 .text.raise    0x08002a58       0x10 E:/Software/STM32Cube/STM32CubeCLT/GNU-tools-for-STM32/bin/../lib/gcc/arm-none-eabi/12.3.1/../../../../arm-none-eabi/lib/thumb/v7e-m+dp/hard\libc_nano.a(libc_a-signal.o)
                0x08002a58                raise
 .text._kill_r  0x08002a68       0x24 E:/Software/STM32Cube/STM32CubeCLT/GNU-tools-for-STM32/bin/../lib/gcc/arm-none-eabi/12.3.1/../../../../arm-none-eabi/lib/thumb/v7e-m+dp/hard\libc_nano.a(libc_a-signalr.o)
                0x08002a68                _kill_r
 .text._getpid_r
                0x08002a8c        0x4 E:/Software/STM32Cube/STM32CubeCLT/GNU-tools-for-STM32/bin/../lib/gcc/arm-none-eabi/12.3.1/../../../../arm-none-eabi/lib/thumb/v7e-m+dp/hard\libc_nano.a(libc_a-signalr.o)
                0x08002a8c                _getpid_r
 .text._realloc_r
                0x08002a90       0x5c E:/Software/STM32Cube/STM32CubeCLT/GNU-tools-for-STM32/bin/../lib/gcc/arm-none-eabi/12.3.1/../../../../arm-none-eabi/lib/thumb/v7e-m+dp/hard\libc_nano.a(libc_a-reallocr.o)
                0x08002a90                _realloc_r
 .text.__swhatbuf_r
                0x08002aec       0x4c E:/Software/STM32Cube/STM32CubeCLT/GNU-tools-for-STM32/bin/../lib/gcc/arm-none-eabi/12.3.1/../../../../arm-none-eabi/lib/thumb/v7e-m+dp/hard\libc_nano.a(libc_a-makebuf.o)
                0x08002aec                __swhatbuf_r
 .text.__smakebuf_r
                0x08002b38       0x78 E:/Software/STM32Cube/STM32CubeCLT/GNU-tools-for-STM32/bin/../lib/gcc/arm-none-eabi/12.3.1/../../../../arm-none-eabi/lib/thumb/v7e-m+dp/hard\libc_nano.a(libc_a-makebuf.o)
                0x08002b38                __smakebuf_r
 .text._fstat_r
                0x08002bb0       0x24 E:/Software/STM32Cube/STM32CubeCLT/GNU-tools-for-STM32/bin/../lib/gcc/arm-none-eabi/12.3.1/../../../../arm-none-eabi/lib/thumb/v7e-m+dp/hard\libc_nano.a(libc_a-fstatr.o)
                0x08002bb0                _fstat_r
 .text._isatty_r
                0x08002bd4       0x20 E:/Software/STM32Cube/STM32CubeCLT/GNU-tools-for-STM32/bin/../lib/gcc/arm-none-eabi/12.3.1/../../../../arm-none-eabi/lib/thumb/v7e-m+dp/hard\libc_nano.a(libc_a-isattyr.o)
                0x08002bd4                _isatty_r
 .text._malloc_usable_size_r
                0x08002bf4       0x10 E:/Software/STM32Cube/STM32CubeCLT/GNU-tools-for-STM32/bin/../lib/gcc/arm-none-eabi/12.3.1/../../../../arm-none-eabi/lib/thumb/v7e-m+dp/hard\libc_nano.a(libc_a-msizer.o)
                0x08002bf4                _malloc_usable_size_r
 .text.ad7606_Init
                0x08002c04       0x38 CMakeFiles/CP_Single_Phase_Rectifier_H743IIT6_Hollies_Provincial.dir/User/Src/ad7606.c.obj
                0x08002c04                ad7606_Init
 .text.ad7606_Start
                0x08002c3c        0x4 CMakeFiles/CP_Single_Phase_Rectifier_H743IIT6_Hollies_Provincial.dir/User/Src/ad7606.c.obj
                0x08002c3c                ad7606_Start
 .text.ad7606_GetValue
                0x08002c40       0xa4 CMakeFiles/CP_Single_Phase_Rectifier_H743IIT6_Hollies_Provincial.dir/User/Src/ad7606.c.obj
                0x08002c40                ad7606_GetValue
 .text.INA228_config
                0x08002ce4      0x154 CMakeFiles/CP_Single_Phase_Rectifier_H743IIT6_Hollies_Provincial.dir/User/Src/ina228.c.obj
                0x08002ce4                INA228_config
 .text.INA228_getVBUS_V
                0x08002e38       0x70 CMakeFiles/CP_Single_Phase_Rectifier_H743IIT6_Hollies_Provincial.dir/User/Src/ina228.c.obj
                0x08002e38                INA228_getVBUS_V
 .text.INA228_getCURRENT_A
                0x08002ea8       0x60 CMakeFiles/CP_Single_Phase_Rectifier_H743IIT6_Hollies_Provincial.dir/User/Src/ina228.c.obj
                0x08002ea8                INA228_getCURRENT_A
 .text.OLED_Refresh
                0x08002f08      0x134 CMakeFiles/CP_Single_Phase_Rectifier_H743IIT6_Hollies_Provincial.dir/User/Src/oled.c.obj
                0x08002f08                OLED_Refresh
 .text.OLED_ShowChar
                0x0800303c      0x2a0 CMakeFiles/CP_Single_Phase_Rectifier_H743IIT6_Hollies_Provincial.dir/User/Src/oled.c.obj
                0x0800303c                OLED_ShowChar
 .text.OLED_ShowString
                0x080032dc       0x48 CMakeFiles/CP_Single_Phase_Rectifier_H743IIT6_Hollies_Provincial.dir/User/Src/oled.c.obj
                0x080032dc                OLED_ShowString
 .text.OLED_Init
                0x08003324      0x710 CMakeFiles/CP_Single_Phase_Rectifier_H743IIT6_Hollies_Provincial.dir/User/Src/oled.c.obj
                0x08003324                OLED_Init
 .text.pid_Init
                0x08003a34       0x20 CMakeFiles/CP_Single_Phase_Rectifier_H743IIT6_Hollies_Provincial.dir/User/Src/pid.c.obj
                0x08003a34                pid_Init
 .text.pid      0x08003a54       0x64 CMakeFiles/CP_Single_Phase_Rectifier_H743IIT6_Hollies_Provincial.dir/User/Src/pid.c.obj
                0x08003a54                pid
 .text.pll_Init_V
                0x08003ab8      0x150 CMakeFiles/CP_Single_Phase_Rectifier_H743IIT6_Hollies_Provincial.dir/User/Src/single_phase_pll.c.obj
                0x08003ab8                pll_Init_V
 .text.pll_Init_I
                0x08003c08      0x168 CMakeFiles/CP_Single_Phase_Rectifier_H743IIT6_Hollies_Provincial.dir/User/Src/single_phase_pll.c.obj
                0x08003c08                pll_Init_I
 .text.pll_Control_V
                0x08003d70      0x11c CMakeFiles/CP_Single_Phase_Rectifier_H743IIT6_Hollies_Provincial.dir/User/Src/single_phase_pll.c.obj
                0x08003d70                pll_Control_V
 .text.pll_Control_I
                0x08003e8c      0x1a4 CMakeFiles/CP_Single_Phase_Rectifier_H743IIT6_Hollies_Provincial.dir/User/Src/single_phase_pll.c.obj
                0x08003e8c                pll_Control_I
 .text.HAL_GPIO_EXTI_Callback
                0x08004030      0x1a0 CMakeFiles/CP_Single_Phase_Rectifier_H743IIT6_Hollies_Provincial.dir/User/Src/user_exit.c.obj
                0x08004030                HAL_GPIO_EXTI_Callback
 .text.UserInit
                0x080041d0       0x70 CMakeFiles/CP_Single_Phase_Rectifier_H743IIT6_Hollies_Provincial.dir/User/Src/user_task.c.obj
                0x080041d0                UserInit
 .text.StartStateLED
                0x08004240       0x88 CMakeFiles/CP_Single_Phase_Rectifier_H743IIT6_Hollies_Provincial.dir/User/Src/user_task.c.obj
                0x08004240                StartStateLED
 .text.StartMcuTemperature
                0x080042c8       0x94 CMakeFiles/CP_Single_Phase_Rectifier_H743IIT6_Hollies_Provincial.dir/User/Src/user_task.c.obj
                0x080042c8                StartMcuTemperature
 .text.StartOledDisplay
                0x0800435c      0x1c0 CMakeFiles/CP_Single_Phase_Rectifier_H743IIT6_Hollies_Provincial.dir/User/Src/user_task.c.obj
                0x0800435c                StartOledDisplay
 .text.StartDCSampling
                0x0800451c       0x38 CMakeFiles/CP_Single_Phase_Rectifier_H743IIT6_Hollies_Provincial.dir/User/Src/user_task.c.obj
                0x0800451c                StartDCSampling
 .text.StartCircuitProtection
                0x08004554      0x154 CMakeFiles/CP_Single_Phase_Rectifier_H743IIT6_Hollies_Provincial.dir/User/Src/user_task.c.obj
                0x08004554                StartCircuitProtection
 .text.StartDCControl
                0x080046a8       0x6c CMakeFiles/CP_Single_Phase_Rectifier_H743IIT6_Hollies_Provincial.dir/User/Src/user_task.c.obj
                0x080046a8                StartDCControl
 .text.SystemClock_Config
                0x08004714      0x108 CMakeFiles/CP_Single_Phase_Rectifier_H743IIT6_Hollies_Provincial.dir/Core/Src/main.c.obj
                0x08004714                SystemClock_Config
 *fill*         0x0800481c        0x4 
 .text.PeriphCommonClock_Config
                0x08004820       0x58 CMakeFiles/CP_Single_Phase_Rectifier_H743IIT6_Hollies_Provincial.dir/Core/Src/main.c.obj
                0x08004820                PeriphCommonClock_Config
 .text.startup.main
                0x08004878      0x100 CMakeFiles/CP_Single_Phase_Rectifier_H743IIT6_Hollies_Provincial.dir/Core/Src/main.c.obj
                0x08004878                main
 .text.HAL_TIM_PeriodElapsedCallback
                0x08004978       0x14 CMakeFiles/CP_Single_Phase_Rectifier_H743IIT6_Hollies_Provincial.dir/Core/Src/main.c.obj
                0x08004978                HAL_TIM_PeriodElapsedCallback
 .text.Error_Handler
                0x0800498c        0x4 CMakeFiles/CP_Single_Phase_Rectifier_H743IIT6_Hollies_Provincial.dir/Core/Src/main.c.obj
                0x0800498c                Error_Handler
 .text.MX_GPIO_Init
                0x08004990      0x19c CMakeFiles/CP_Single_Phase_Rectifier_H743IIT6_Hollies_Provincial.dir/Core/Src/gpio.c.obj
                0x08004990                MX_GPIO_Init
 .text.MX_FREERTOS_Init
                0x08004b2c       0xb0 CMakeFiles/CP_Single_Phase_Rectifier_H743IIT6_Hollies_Provincial.dir/Core/Src/freertos.c.obj
                0x08004b2c                MX_FREERTOS_Init
 .text.MX_ADC3_Init
                0x08004bdc       0xac CMakeFiles/CP_Single_Phase_Rectifier_H743IIT6_Hollies_Provincial.dir/Core/Src/adc.c.obj
                0x08004bdc                MX_ADC3_Init
 .text.HAL_ADC_MspInit
                0x08004c88       0x80 CMakeFiles/CP_Single_Phase_Rectifier_H743IIT6_Hollies_Provincial.dir/Core/Src/adc.c.obj
                0x08004c88                HAL_ADC_MspInit
 .text.MX_DAC1_Init
                0x08004d08       0x68 CMakeFiles/CP_Single_Phase_Rectifier_H743IIT6_Hollies_Provincial.dir/Core/Src/dac.c.obj
                0x08004d08                MX_DAC1_Init
 .text.HAL_DAC_MspInit
                0x08004d70       0x80 CMakeFiles/CP_Single_Phase_Rectifier_H743IIT6_Hollies_Provincial.dir/Core/Src/dac.c.obj
                0x08004d70                HAL_DAC_MspInit
 .text.MX_I2C1_Init
                0x08004df0       0x6c CMakeFiles/CP_Single_Phase_Rectifier_H743IIT6_Hollies_Provincial.dir/Core/Src/i2c.c.obj
                0x08004df0                MX_I2C1_Init
 *fill*         0x08004e5c        0x4 
 .text.HAL_I2C_MspInit
                0x08004e60       0xa4 CMakeFiles/CP_Single_Phase_Rectifier_H743IIT6_Hollies_Provincial.dir/Core/Src/i2c.c.obj
                0x08004e60                HAL_I2C_MspInit
 .text.MX_SPI1_Init
                0x08004f04       0x64 CMakeFiles/CP_Single_Phase_Rectifier_H743IIT6_Hollies_Provincial.dir/Core/Src/spi.c.obj
                0x08004f04                MX_SPI1_Init
 .text.MX_SPI2_Init
                0x08004f68       0x68 CMakeFiles/CP_Single_Phase_Rectifier_H743IIT6_Hollies_Provincial.dir/Core/Src/spi.c.obj
                0x08004f68                MX_SPI2_Init
 .text.HAL_SPI_MspInit
                0x08004fd0       0xe4 CMakeFiles/CP_Single_Phase_Rectifier_H743IIT6_Hollies_Provincial.dir/Core/Src/spi.c.obj
                0x08004fd0                HAL_SPI_MspInit
 .text.HAL_TIM_Base_MspInit
                0x080050b4       0x58 CMakeFiles/CP_Single_Phase_Rectifier_H743IIT6_Hollies_Provincial.dir/Core/Src/tim.c.obj
                0x080050b4                HAL_TIM_Base_MspInit
 *fill*         0x0800510c        0x4 
 .text.HAL_TIM_MspPostInit
                0x08005110       0xb8 CMakeFiles/CP_Single_Phase_Rectifier_H743IIT6_Hollies_Provincial.dir/Core/Src/tim.c.obj
                0x08005110                HAL_TIM_MspPostInit
 .text.MX_TIM2_Init
                0x080051c8       0xc4 CMakeFiles/CP_Single_Phase_Rectifier_H743IIT6_Hollies_Provincial.dir/Core/Src/tim.c.obj
                0x080051c8                MX_TIM2_Init
 *fill*         0x0800528c        0x4 
 .text.MX_TIM8_Init
                0x08005290      0x120 CMakeFiles/CP_Single_Phase_Rectifier_H743IIT6_Hollies_Provincial.dir/Core/Src/tim.c.obj
                0x08005290                MX_TIM8_Init
 .text.NMI_Handler
                0x080053b0        0x4 CMakeFiles/CP_Single_Phase_Rectifier_H743IIT6_Hollies_Provincial.dir/Core/Src/stm32h7xx_it.c.obj
                0x080053b0                NMI_Handler
 .text.HardFault_Handler
                0x080053b4        0x4 CMakeFiles/CP_Single_Phase_Rectifier_H743IIT6_Hollies_Provincial.dir/Core/Src/stm32h7xx_it.c.obj
                0x080053b4                HardFault_Handler
 .text.MemManage_Handler
                0x080053b8        0x4 CMakeFiles/CP_Single_Phase_Rectifier_H743IIT6_Hollies_Provincial.dir/Core/Src/stm32h7xx_it.c.obj
                0x080053b8                MemManage_Handler
 .text.BusFault_Handler
                0x080053bc        0x4 CMakeFiles/CP_Single_Phase_Rectifier_H743IIT6_Hollies_Provincial.dir/Core/Src/stm32h7xx_it.c.obj
                0x080053bc                BusFault_Handler
 .text.UsageFault_Handler
                0x080053c0        0x4 CMakeFiles/CP_Single_Phase_Rectifier_H743IIT6_Hollies_Provincial.dir/Core/Src/stm32h7xx_it.c.obj
                0x080053c0                UsageFault_Handler
 .text.DebugMon_Handler
                0x080053c4        0x4 CMakeFiles/CP_Single_Phase_Rectifier_H743IIT6_Hollies_Provincial.dir/Core/Src/stm32h7xx_it.c.obj
                0x080053c4                DebugMon_Handler
 .text.EXTI9_5_IRQHandler
                0x080053c8        0x8 CMakeFiles/CP_Single_Phase_Rectifier_H743IIT6_Hollies_Provincial.dir/Core/Src/stm32h7xx_it.c.obj
                0x080053c8                EXTI9_5_IRQHandler
 .text.TIM6_DAC_IRQHandler
                0x080053d0       0x28 CMakeFiles/CP_Single_Phase_Rectifier_H743IIT6_Hollies_Provincial.dir/Core/Src/stm32h7xx_it.c.obj
                0x080053d0                TIM6_DAC_IRQHandler
 .text.HAL_MspInit
                0x080053f8       0x34 CMakeFiles/CP_Single_Phase_Rectifier_H743IIT6_Hollies_Provincial.dir/Core/Src/stm32h7xx_hal_msp.c.obj
                0x080053f8                HAL_MspInit
 .text.HAL_InitTick
                0x0800542c       0xa0 CMakeFiles/CP_Single_Phase_Rectifier_H743IIT6_Hollies_Provincial.dir/Core/Src/stm32h7xx_hal_timebase_tim.c.obj
                0x0800542c                HAL_InitTick
 .text.HAL_ADC_PollForConversion
                0x080054cc      0x104 CMakeFiles/CP_Single_Phase_Rectifier_H743IIT6_Hollies_Provincial.dir/Drivers/STM32H7xx_HAL_Driver/Src/stm32h7xx_hal_adc.c.obj
                0x080054cc                HAL_ADC_PollForConversion
 .text.HAL_ADC_GetValue
                0x080055d0        0x8 CMakeFiles/CP_Single_Phase_Rectifier_H743IIT6_Hollies_Provincial.dir/Drivers/STM32H7xx_HAL_Driver/Src/stm32h7xx_hal_adc.c.obj
                0x080055d0                HAL_ADC_GetValue
 .text.HAL_ADC_ConfigChannel
                0x080055d8      0x430 CMakeFiles/CP_Single_Phase_Rectifier_H743IIT6_Hollies_Provincial.dir/Drivers/STM32H7xx_HAL_Driver/Src/stm32h7xx_hal_adc.c.obj
                0x080055d8                HAL_ADC_ConfigChannel
 .text.ADC_Enable
                0x08005a08       0xb0 CMakeFiles/CP_Single_Phase_Rectifier_H743IIT6_Hollies_Provincial.dir/Drivers/STM32H7xx_HAL_Driver/Src/stm32h7xx_hal_adc.c.obj
                0x08005a08                ADC_Enable
 .text.HAL_ADC_Start
                0x08005ab8       0xfc CMakeFiles/CP_Single_Phase_Rectifier_H743IIT6_Hollies_Provincial.dir/Drivers/STM32H7xx_HAL_Driver/Src/stm32h7xx_hal_adc.c.obj
                0x08005ab8                HAL_ADC_Start
 .text.ADC_Disable
                0x08005bb4       0x74 CMakeFiles/CP_Single_Phase_Rectifier_H743IIT6_Hollies_Provincial.dir/Drivers/STM32H7xx_HAL_Driver/Src/stm32h7xx_hal_adc.c.obj
                0x08005bb4                ADC_Disable
 .text.ADC_ConfigureBoostMode
                0x08005c28      0x178 CMakeFiles/CP_Single_Phase_Rectifier_H743IIT6_Hollies_Provincial.dir/Drivers/STM32H7xx_HAL_Driver/Src/stm32h7xx_hal_adc.c.obj
                0x08005c28                ADC_ConfigureBoostMode
 .text.HAL_ADC_Init
                0x08005da0      0x218 CMakeFiles/CP_Single_Phase_Rectifier_H743IIT6_Hollies_Provincial.dir/Drivers/STM32H7xx_HAL_Driver/Src/stm32h7xx_hal_adc.c.obj
                0x08005da0                HAL_ADC_Init
 .text.HAL_ADCEx_Calibration_Start
                0x08005fb8       0xa4 CMakeFiles/CP_Single_Phase_Rectifier_H743IIT6_Hollies_Provincial.dir/Drivers/STM32H7xx_HAL_Driver/Src/stm32h7xx_hal_adc_ex.c.obj
                0x08005fb8                HAL_ADCEx_Calibration_Start
 .text.HAL_RCC_GetSysClockFreq.part.0
                0x0800605c       0xe4 CMakeFiles/CP_Single_Phase_Rectifier_H743IIT6_Hollies_Provincial.dir/Drivers/STM32H7xx_HAL_Driver/Src/stm32h7xx_hal_rcc.c.obj
 .text.HAL_RCC_OscConfig
                0x08006140      0x5e4 CMakeFiles/CP_Single_Phase_Rectifier_H743IIT6_Hollies_Provincial.dir/Drivers/STM32H7xx_HAL_Driver/Src/stm32h7xx_hal_rcc.c.obj
                0x08006140                HAL_RCC_OscConfig
 .text.HAL_RCC_GetSysClockFreq
                0x08006724      0x11c CMakeFiles/CP_Single_Phase_Rectifier_H743IIT6_Hollies_Provincial.dir/Drivers/STM32H7xx_HAL_Driver/Src/stm32h7xx_hal_rcc.c.obj
                0x08006724                HAL_RCC_GetSysClockFreq
 .text.HAL_RCC_ClockConfig
                0x08006840      0x254 CMakeFiles/CP_Single_Phase_Rectifier_H743IIT6_Hollies_Provincial.dir/Drivers/STM32H7xx_HAL_Driver/Src/stm32h7xx_hal_rcc.c.obj
                0x08006840                HAL_RCC_ClockConfig
 .text.HAL_RCC_GetHCLKFreq
                0x08006a94       0x80 CMakeFiles/CP_Single_Phase_Rectifier_H743IIT6_Hollies_Provincial.dir/Drivers/STM32H7xx_HAL_Driver/Src/stm32h7xx_hal_rcc.c.obj
                0x08006a94                HAL_RCC_GetHCLKFreq
 .text.HAL_RCC_GetPCLK1Freq
                0x08006b14       0x90 CMakeFiles/CP_Single_Phase_Rectifier_H743IIT6_Hollies_Provincial.dir/Drivers/STM32H7xx_HAL_Driver/Src/stm32h7xx_hal_rcc.c.obj
                0x08006b14                HAL_RCC_GetPCLK1Freq
 .text.HAL_RCC_GetClockConfig
                0x08006ba4       0x58 CMakeFiles/CP_Single_Phase_Rectifier_H743IIT6_Hollies_Provincial.dir/Drivers/STM32H7xx_HAL_Driver/Src/stm32h7xx_hal_rcc.c.obj
                0x08006ba4                HAL_RCC_GetClockConfig
 .text.RCCEx_PLL2_Config.part.0
                0x08006bfc       0xe4 CMakeFiles/CP_Single_Phase_Rectifier_H743IIT6_Hollies_Provincial.dir/Drivers/STM32H7xx_HAL_Driver/Src/stm32h7xx_hal_rcc_ex.c.obj
 .text.RCCEx_PLL3_Config.part.0
                0x08006ce0       0xe4 CMakeFiles/CP_Single_Phase_Rectifier_H743IIT6_Hollies_Provincial.dir/Drivers/STM32H7xx_HAL_Driver/Src/stm32h7xx_hal_rcc_ex.c.obj
 .text.HAL_RCCEx_PeriphCLKConfig
                0x08006dc4      0xeb4 CMakeFiles/CP_Single_Phase_Rectifier_H743IIT6_Hollies_Provincial.dir/Drivers/STM32H7xx_HAL_Driver/Src/stm32h7xx_hal_rcc_ex.c.obj
                0x08006dc4                HAL_RCCEx_PeriphCLKConfig
 .text.HAL_RCCEx_GetPLL2ClockFreq
                0x08007c78      0x134 CMakeFiles/CP_Single_Phase_Rectifier_H743IIT6_Hollies_Provincial.dir/Drivers/STM32H7xx_HAL_Driver/Src/stm32h7xx_hal_rcc_ex.c.obj
                0x08007c78                HAL_RCCEx_GetPLL2ClockFreq
 .text.HAL_RCCEx_GetPLL3ClockFreq
                0x08007dac      0x134 CMakeFiles/CP_Single_Phase_Rectifier_H743IIT6_Hollies_Provincial.dir/Drivers/STM32H7xx_HAL_Driver/Src/stm32h7xx_hal_rcc_ex.c.obj
                0x08007dac                HAL_RCCEx_GetPLL3ClockFreq
 .text.HAL_RCCEx_GetPLL1ClockFreq
                0x08007ee0      0x134 CMakeFiles/CP_Single_Phase_Rectifier_H743IIT6_Hollies_Provincial.dir/Drivers/STM32H7xx_HAL_Driver/Src/stm32h7xx_hal_rcc_ex.c.obj
                0x08007ee0                HAL_RCCEx_GetPLL1ClockFreq
 .text.HAL_RCCEx_GetPeriphCLKFreq
                0x08008014      0x390 CMakeFiles/CP_Single_Phase_Rectifier_H743IIT6_Hollies_Provincial.dir/Drivers/STM32H7xx_HAL_Driver/Src/stm32h7xx_hal_rcc_ex.c.obj
                0x08008014                HAL_RCCEx_GetPeriphCLKFreq
 .text.HAL_GPIO_Init
                0x080083a4      0x284 CMakeFiles/CP_Single_Phase_Rectifier_H743IIT6_Hollies_Provincial.dir/Drivers/STM32H7xx_HAL_Driver/Src/stm32h7xx_hal_gpio.c.obj
                0x080083a4                HAL_GPIO_Init
 .text.HAL_GPIO_WritePin
                0x08008628        0x8 CMakeFiles/CP_Single_Phase_Rectifier_H743IIT6_Hollies_Provincial.dir/Drivers/STM32H7xx_HAL_Driver/Src/stm32h7xx_hal_gpio.c.obj
                0x08008628                HAL_GPIO_WritePin
 .text.HAL_GPIO_TogglePin
                0x08008630       0x14 CMakeFiles/CP_Single_Phase_Rectifier_H743IIT6_Hollies_Provincial.dir/Drivers/STM32H7xx_HAL_Driver/Src/stm32h7xx_hal_gpio.c.obj
                0x08008630                HAL_GPIO_TogglePin
 .text.HAL_GPIO_EXTI_IRQHandler
                0x08008644       0x1c CMakeFiles/CP_Single_Phase_Rectifier_H743IIT6_Hollies_Provincial.dir/Drivers/STM32H7xx_HAL_Driver/Src/stm32h7xx_hal_gpio.c.obj
                0x08008644                HAL_GPIO_EXTI_IRQHandler
 .text.HAL_PWREx_ConfigSupply
                0x08008660       0x48 CMakeFiles/CP_Single_Phase_Rectifier_H743IIT6_Hollies_Provincial.dir/Drivers/STM32H7xx_HAL_Driver/Src/stm32h7xx_hal_pwr_ex.c.obj
                0x08008660                HAL_PWREx_ConfigSupply
 .text.HAL_NVIC_SetPriorityGrouping
                0x080086a8       0x24 CMakeFiles/CP_Single_Phase_Rectifier_H743IIT6_Hollies_Provincial.dir/Drivers/STM32H7xx_HAL_Driver/Src/stm32h7xx_hal_cortex.c.obj
                0x080086a8                HAL_NVIC_SetPriorityGrouping
 .text.HAL_NVIC_SetPriority
                0x080086cc       0x78 CMakeFiles/CP_Single_Phase_Rectifier_H743IIT6_Hollies_Provincial.dir/Drivers/STM32H7xx_HAL_Driver/Src/stm32h7xx_hal_cortex.c.obj
                0x080086cc                HAL_NVIC_SetPriority
 .text.HAL_NVIC_EnableIRQ
                0x08008744       0x1c CMakeFiles/CP_Single_Phase_Rectifier_H743IIT6_Hollies_Provincial.dir/Drivers/STM32H7xx_HAL_Driver/Src/stm32h7xx_hal_cortex.c.obj
                0x08008744                HAL_NVIC_EnableIRQ
 .text.HAL_MPU_Disable
                0x08008760       0x1c CMakeFiles/CP_Single_Phase_Rectifier_H743IIT6_Hollies_Provincial.dir/Drivers/STM32H7xx_HAL_Driver/Src/stm32h7xx_hal_cortex.c.obj
                0x08008760                HAL_MPU_Disable
 .text.HAL_MPU_Enable
                0x0800877c       0x20 CMakeFiles/CP_Single_Phase_Rectifier_H743IIT6_Hollies_Provincial.dir/Drivers/STM32H7xx_HAL_Driver/Src/stm32h7xx_hal_cortex.c.obj
                0x0800877c                HAL_MPU_Enable
 .text.HAL_MPU_ConfigRegion
                0x0800879c       0x60 CMakeFiles/CP_Single_Phase_Rectifier_H743IIT6_Hollies_Provincial.dir/Drivers/STM32H7xx_HAL_Driver/Src/stm32h7xx_hal_cortex.c.obj
                0x0800879c                HAL_MPU_ConfigRegion
 .text.HAL_Init
                0x080087fc       0x60 CMakeFiles/CP_Single_Phase_Rectifier_H743IIT6_Hollies_Provincial.dir/Drivers/STM32H7xx_HAL_Driver/Src/stm32h7xx_hal.c.obj
                0x080087fc                HAL_Init
 .text.HAL_IncTick
                0x0800885c       0x18 CMakeFiles/CP_Single_Phase_Rectifier_H743IIT6_Hollies_Provincial.dir/Drivers/STM32H7xx_HAL_Driver/Src/stm32h7xx_hal.c.obj
                0x0800885c                HAL_IncTick
 .text.HAL_GetTick
                0x08008874        0xc CMakeFiles/CP_Single_Phase_Rectifier_H743IIT6_Hollies_Provincial.dir/Drivers/STM32H7xx_HAL_Driver/Src/stm32h7xx_hal.c.obj
                0x08008874                HAL_GetTick
 .text.HAL_Delay
                0x08008880       0x24 CMakeFiles/CP_Single_Phase_Rectifier_H743IIT6_Hollies_Provincial.dir/Drivers/STM32H7xx_HAL_Driver/Src/stm32h7xx_hal.c.obj
                0x08008880                HAL_Delay
 .text.HAL_GetREVID
                0x080088a4        0xc CMakeFiles/CP_Single_Phase_Rectifier_H743IIT6_Hollies_Provincial.dir/Drivers/STM32H7xx_HAL_Driver/Src/stm32h7xx_hal.c.obj
                0x080088a4                HAL_GetREVID
 .text.I2C_WaitOnFlagUntilTimeout.constprop.0
                0x080088b0      0x140 CMakeFiles/CP_Single_Phase_Rectifier_H743IIT6_Hollies_Provincial.dir/Drivers/STM32H7xx_HAL_Driver/Src/stm32h7xx_hal_i2c.c.obj
 .text.I2C_WaitOnTXISFlagUntilTimeout
                0x080089f0      0x16c CMakeFiles/CP_Single_Phase_Rectifier_H743IIT6_Hollies_Provincial.dir/Drivers/STM32H7xx_HAL_Driver/Src/stm32h7xx_hal_i2c.c.obj
 .text.I2C_WaitOnFlagUntilTimeout
                0x08008b5c      0x18c CMakeFiles/CP_Single_Phase_Rectifier_H743IIT6_Hollies_Provincial.dir/Drivers/STM32H7xx_HAL_Driver/Src/stm32h7xx_hal_i2c.c.obj
 .text.I2C_WaitOnSTOPFlagUntilTimeout
                0x08008ce8      0x168 CMakeFiles/CP_Single_Phase_Rectifier_H743IIT6_Hollies_Provincial.dir/Drivers/STM32H7xx_HAL_Driver/Src/stm32h7xx_hal_i2c.c.obj
 .text.HAL_I2C_Init
                0x08008e50       0xb4 CMakeFiles/CP_Single_Phase_Rectifier_H743IIT6_Hollies_Provincial.dir/Drivers/STM32H7xx_HAL_Driver/Src/stm32h7xx_hal_i2c.c.obj
                0x08008e50                HAL_I2C_Init
 .text.HAL_I2C_Mem_Write
                0x08008f04      0x1fc CMakeFiles/CP_Single_Phase_Rectifier_H743IIT6_Hollies_Provincial.dir/Drivers/STM32H7xx_HAL_Driver/Src/stm32h7xx_hal_i2c.c.obj
                0x08008f04                HAL_I2C_Mem_Write
 .text.HAL_I2C_Mem_Read
                0x08009100      0x200 CMakeFiles/CP_Single_Phase_Rectifier_H743IIT6_Hollies_Provincial.dir/Drivers/STM32H7xx_HAL_Driver/Src/stm32h7xx_hal_i2c.c.obj
                0x08009100                HAL_I2C_Mem_Read
 .text.HAL_I2CEx_ConfigAnalogFilter
                0x08009300       0x54 CMakeFiles/CP_Single_Phase_Rectifier_H743IIT6_Hollies_Provincial.dir/Drivers/STM32H7xx_HAL_Driver/Src/stm32h7xx_hal_i2c_ex.c.obj
                0x08009300                HAL_I2CEx_ConfigAnalogFilter
 .text.HAL_I2CEx_ConfigDigitalFilter
                0x08009354       0x58 CMakeFiles/CP_Single_Phase_Rectifier_H743IIT6_Hollies_Provincial.dir/Drivers/STM32H7xx_HAL_Driver/Src/stm32h7xx_hal_i2c_ex.c.obj
                0x08009354                HAL_I2CEx_ConfigDigitalFilter
 .text.HAL_DAC_Init
                0x080093ac       0x2c CMakeFiles/CP_Single_Phase_Rectifier_H743IIT6_Hollies_Provincial.dir/Drivers/STM32H7xx_HAL_Driver/Src/stm32h7xx_hal_dac.c.obj
                0x080093ac                HAL_DAC_Init
 .text.HAL_DAC_Start
                0x080093d8       0x70 CMakeFiles/CP_Single_Phase_Rectifier_H743IIT6_Hollies_Provincial.dir/Drivers/STM32H7xx_HAL_Driver/Src/stm32h7xx_hal_dac.c.obj
                0x080093d8                HAL_DAC_Start
 .text.HAL_DAC_SetValue
                0x08009448       0x3c CMakeFiles/CP_Single_Phase_Rectifier_H743IIT6_Hollies_Provincial.dir/Drivers/STM32H7xx_HAL_Driver/Src/stm32h7xx_hal_dac.c.obj
                0x08009448                HAL_DAC_SetValue
 .text.HAL_DAC_DMAUnderrunCallbackCh1
                0x08009484        0x4 CMakeFiles/CP_Single_Phase_Rectifier_H743IIT6_Hollies_Provincial.dir/Drivers/STM32H7xx_HAL_Driver/Src/stm32h7xx_hal_dac.c.obj
                0x08009484                HAL_DAC_DMAUnderrunCallbackCh1
 .text.HAL_DAC_IRQHandler
                0x08009488       0x64 CMakeFiles/CP_Single_Phase_Rectifier_H743IIT6_Hollies_Provincial.dir/Drivers/STM32H7xx_HAL_Driver/Src/stm32h7xx_hal_dac.c.obj
                0x08009488                HAL_DAC_IRQHandler
 .text.HAL_DAC_ConfigChannel
                0x080094ec      0x154 CMakeFiles/CP_Single_Phase_Rectifier_H743IIT6_Hollies_Provincial.dir/Drivers/STM32H7xx_HAL_Driver/Src/stm32h7xx_hal_dac.c.obj
                0x080094ec                HAL_DAC_ConfigChannel
 .text.HAL_DACEx_DMAUnderrunCallbackCh2
                0x08009640        0x4 CMakeFiles/CP_Single_Phase_Rectifier_H743IIT6_Hollies_Provincial.dir/Drivers/STM32H7xx_HAL_Driver/Src/stm32h7xx_hal_dac_ex.c.obj
                0x08009640                HAL_DACEx_DMAUnderrunCallbackCh2
 .text.SPI_CloseTransfer
                0x08009644       0xb8 CMakeFiles/CP_Single_Phase_Rectifier_H743IIT6_Hollies_Provincial.dir/Drivers/STM32H7xx_HAL_Driver/Src/stm32h7xx_hal_spi.c.obj
 .text.HAL_SPI_Init
                0x080096fc      0x1b0 CMakeFiles/CP_Single_Phase_Rectifier_H743IIT6_Hollies_Provincial.dir/Drivers/STM32H7xx_HAL_Driver/Src/stm32h7xx_hal_spi.c.obj
                0x080096fc                HAL_SPI_Init
 .text.HAL_SPI_Transmit
                0x080098ac      0x274 CMakeFiles/CP_Single_Phase_Rectifier_H743IIT6_Hollies_Provincial.dir/Drivers/STM32H7xx_HAL_Driver/Src/stm32h7xx_hal_spi.c.obj
                0x080098ac                HAL_SPI_Transmit
 .text.HAL_SPI_Receive
                0x08009b20      0x2b4 CMakeFiles/CP_Single_Phase_Rectifier_H743IIT6_Hollies_Provincial.dir/Drivers/STM32H7xx_HAL_Driver/Src/stm32h7xx_hal_spi.c.obj
                0x08009b20                HAL_SPI_Receive
 .text.TIM_OC1_SetConfig
                0x08009dd4       0x78 CMakeFiles/CP_Single_Phase_Rectifier_H743IIT6_Hollies_Provincial.dir/Drivers/STM32H7xx_HAL_Driver/Src/stm32h7xx_hal_tim.c.obj
 .text.TIM_OC3_SetConfig
                0x08009e4c       0x80 CMakeFiles/CP_Single_Phase_Rectifier_H743IIT6_Hollies_Provincial.dir/Drivers/STM32H7xx_HAL_Driver/Src/stm32h7xx_hal_tim.c.obj
 .text.HAL_TIM_Base_Init
                0x08009ecc      0x14c CMakeFiles/CP_Single_Phase_Rectifier_H743IIT6_Hollies_Provincial.dir/Drivers/STM32H7xx_HAL_Driver/Src/stm32h7xx_hal_tim.c.obj
                0x08009ecc                HAL_TIM_Base_Init
 .text.HAL_TIM_Base_Start_IT
                0x0800a018       0xa4 CMakeFiles/CP_Single_Phase_Rectifier_H743IIT6_Hollies_Provincial.dir/Drivers/STM32H7xx_HAL_Driver/Src/stm32h7xx_hal_tim.c.obj
                0x0800a018                HAL_TIM_Base_Start_IT
 .text.HAL_TIM_PWM_MspInit
                0x0800a0bc        0x4 CMakeFiles/CP_Single_Phase_Rectifier_H743IIT6_Hollies_Provincial.dir/Drivers/STM32H7xx_HAL_Driver/Src/stm32h7xx_hal_tim.c.obj
                0x0800a0bc                HAL_TIM_PWM_MspInit
 .text.HAL_TIM_PWM_Init
                0x0800a0c0      0x14c CMakeFiles/CP_Single_Phase_Rectifier_H743IIT6_Hollies_Provincial.dir/Drivers/STM32H7xx_HAL_Driver/Src/stm32h7xx_hal_tim.c.obj
                0x0800a0c0                HAL_TIM_PWM_Init
 .text.HAL_TIM_PWM_Start
                0x0800a20c      0x140 CMakeFiles/CP_Single_Phase_Rectifier_H743IIT6_Hollies_Provincial.dir/Drivers/STM32H7xx_HAL_Driver/Src/stm32h7xx_hal_tim.c.obj
                0x0800a20c                HAL_TIM_PWM_Start
 .text.HAL_TIM_ConfigClockSource
                0x0800a34c      0x18c CMakeFiles/CP_Single_Phase_Rectifier_H743IIT6_Hollies_Provincial.dir/Drivers/STM32H7xx_HAL_Driver/Src/stm32h7xx_hal_tim.c.obj
                0x0800a34c                HAL_TIM_ConfigClockSource
 .text.HAL_TIM_OC_DelayElapsedCallback
                0x0800a4d8        0x4 CMakeFiles/CP_Single_Phase_Rectifier_H743IIT6_Hollies_Provincial.dir/Drivers/STM32H7xx_HAL_Driver/Src/stm32h7xx_hal_tim.c.obj
                0x0800a4d8                HAL_TIM_OC_DelayElapsedCallback
 .text.HAL_TIM_IC_CaptureCallback
                0x0800a4dc        0x4 CMakeFiles/CP_Single_Phase_Rectifier_H743IIT6_Hollies_Provincial.dir/Drivers/STM32H7xx_HAL_Driver/Src/stm32h7xx_hal_tim.c.obj
                0x0800a4dc                HAL_TIM_IC_CaptureCallback
 .text.HAL_TIM_PWM_PulseFinishedCallback
                0x0800a4e0        0x4 CMakeFiles/CP_Single_Phase_Rectifier_H743IIT6_Hollies_Provincial.dir/Drivers/STM32H7xx_HAL_Driver/Src/stm32h7xx_hal_tim.c.obj
                0x0800a4e0                HAL_TIM_PWM_PulseFinishedCallback
 .text.HAL_TIM_TriggerCallback
                0x0800a4e4        0x4 CMakeFiles/CP_Single_Phase_Rectifier_H743IIT6_Hollies_Provincial.dir/Drivers/STM32H7xx_HAL_Driver/Src/stm32h7xx_hal_tim.c.obj
                0x0800a4e4                HAL_TIM_TriggerCallback
 .text.HAL_TIM_IRQHandler
                0x0800a4e8      0x158 CMakeFiles/CP_Single_Phase_Rectifier_H743IIT6_Hollies_Provincial.dir/Drivers/STM32H7xx_HAL_Driver/Src/stm32h7xx_hal_tim.c.obj
                0x0800a4e8                HAL_TIM_IRQHandler
 .text.TIM_OC2_SetConfig
                0x0800a640       0x84 CMakeFiles/CP_Single_Phase_Rectifier_H743IIT6_Hollies_Provincial.dir/Drivers/STM32H7xx_HAL_Driver/Src/stm32h7xx_hal_tim.c.obj
                0x0800a640                TIM_OC2_SetConfig
 .text.HAL_TIM_PWM_ConfigChannel
                0x0800a6c4      0x234 CMakeFiles/CP_Single_Phase_Rectifier_H743IIT6_Hollies_Provincial.dir/Drivers/STM32H7xx_HAL_Driver/Src/stm32h7xx_hal_tim.c.obj
                0x0800a6c4                HAL_TIM_PWM_ConfigChannel
 .text.HAL_TIMEx_MasterConfigSynchronization
                0x0800a8f8       0xb4 CMakeFiles/CP_Single_Phase_Rectifier_H743IIT6_Hollies_Provincial.dir/Drivers/STM32H7xx_HAL_Driver/Src/stm32h7xx_hal_tim_ex.c.obj
                0x0800a8f8                HAL_TIMEx_MasterConfigSynchronization
 .text.HAL_TIMEx_ConfigBreakDeadTime
                0x0800a9ac       0x8c CMakeFiles/CP_Single_Phase_Rectifier_H743IIT6_Hollies_Provincial.dir/Drivers/STM32H7xx_HAL_Driver/Src/stm32h7xx_hal_tim_ex.c.obj
                0x0800a9ac                HAL_TIMEx_ConfigBreakDeadTime
 .text.HAL_TIMEx_CommutCallback
                0x0800aa38        0x4 CMakeFiles/CP_Single_Phase_Rectifier_H743IIT6_Hollies_Provincial.dir/Drivers/STM32H7xx_HAL_Driver/Src/stm32h7xx_hal_tim_ex.c.obj
                0x0800aa38                HAL_TIMEx_CommutCallback
 .text.HAL_TIMEx_BreakCallback
                0x0800aa3c        0x4 CMakeFiles/CP_Single_Phase_Rectifier_H743IIT6_Hollies_Provincial.dir/Drivers/STM32H7xx_HAL_Driver/Src/stm32h7xx_hal_tim_ex.c.obj
                0x0800aa3c                HAL_TIMEx_BreakCallback
 .text.HAL_TIMEx_Break2Callback
                0x0800aa40        0x4 CMakeFiles/CP_Single_Phase_Rectifier_H743IIT6_Hollies_Provincial.dir/Drivers/STM32H7xx_HAL_Driver/Src/stm32h7xx_hal_tim_ex.c.obj
                0x0800aa40                HAL_TIMEx_Break2Callback
 .text.SystemInit
                0x0800aa44       0xcc CMakeFiles/CP_Single_Phase_Rectifier_H743IIT6_Hollies_Provincial.dir/Core/Src/system_stm32h7xx.c.obj
                0x0800aa44                SystemInit
 .text.vListInitialise
                0x0800ab10       0x18 CMakeFiles/CP_Single_Phase_Rectifier_H743IIT6_Hollies_Provincial.dir/Middlewares/Third_Party/FreeRTOS/Source/list.c.obj
                0x0800ab10                vListInitialise
 .text.vListInitialiseItem
                0x0800ab28        0x8 CMakeFiles/CP_Single_Phase_Rectifier_H743IIT6_Hollies_Provincial.dir/Middlewares/Third_Party/FreeRTOS/Source/list.c.obj
                0x0800ab28                vListInitialiseItem
 .text.vListInsertEnd
                0x0800ab30       0x1c CMakeFiles/CP_Single_Phase_Rectifier_H743IIT6_Hollies_Provincial.dir/Middlewares/Third_Party/FreeRTOS/Source/list.c.obj
                0x0800ab30                vListInsertEnd
 .text.vListInsert
                0x0800ab4c       0x30 CMakeFiles/CP_Single_Phase_Rectifier_H743IIT6_Hollies_Provincial.dir/Middlewares/Third_Party/FreeRTOS/Source/list.c.obj
                0x0800ab4c                vListInsert
 .text.uxListRemove
                0x0800ab7c       0x28 CMakeFiles/CP_Single_Phase_Rectifier_H743IIT6_Hollies_Provincial.dir/Middlewares/Third_Party/FreeRTOS/Source/list.c.obj
                0x0800ab7c                uxListRemove
 .text.prvCopyDataToQueue
                0x0800aba4       0x70 CMakeFiles/CP_Single_Phase_Rectifier_H743IIT6_Hollies_Provincial.dir/Middlewares/Third_Party/FreeRTOS/Source/queue.c.obj
 .text.xQueueGenericCreateStatic
                0x0800ac14       0xd8 CMakeFiles/CP_Single_Phase_Rectifier_H743IIT6_Hollies_Provincial.dir/Middlewares/Third_Party/FreeRTOS/Source/queue.c.obj
                0x0800ac14                xQueueGenericCreateStatic
 .text.xQueueGenericSend
                0x0800acec      0x304 CMakeFiles/CP_Single_Phase_Rectifier_H743IIT6_Hollies_Provincial.dir/Middlewares/Third_Party/FreeRTOS/Source/queue.c.obj
                0x0800acec                xQueueGenericSend
 .text.xQueueReceive
                0x0800aff0      0x30c CMakeFiles/CP_Single_Phase_Rectifier_H743IIT6_Hollies_Provincial.dir/Middlewares/Third_Party/FreeRTOS/Source/queue.c.obj
                0x0800aff0                xQueueReceive
 .text.vQueueAddToRegistry
                0x0800b2fc       0x50 CMakeFiles/CP_Single_Phase_Rectifier_H743IIT6_Hollies_Provincial.dir/Middlewares/Third_Party/FreeRTOS/Source/queue.c.obj
                0x0800b2fc                vQueueAddToRegistry
 .text.vQueueWaitForMessageRestricted
                0x0800b34c       0xc8 CMakeFiles/CP_Single_Phase_Rectifier_H743IIT6_Hollies_Provincial.dir/Middlewares/Third_Party/FreeRTOS/Source/queue.c.obj
                0x0800b34c                vQueueWaitForMessageRestricted
 .text.prvAddNewTaskToReadyList
                0x0800b414      0x110 CMakeFiles/CP_Single_Phase_Rectifier_H743IIT6_Hollies_Provincial.dir/Middlewares/Third_Party/FreeRTOS/Source/tasks.c.obj
 .text.prvIdleTask
                0x0800b524       0x98 CMakeFiles/CP_Single_Phase_Rectifier_H743IIT6_Hollies_Provincial.dir/Middlewares/Third_Party/FreeRTOS/Source/tasks.c.obj
 .text.xTaskIncrementTick.part.0
                0x0800b5bc      0x14c CMakeFiles/CP_Single_Phase_Rectifier_H743IIT6_Hollies_Provincial.dir/Middlewares/Third_Party/FreeRTOS/Source/tasks.c.obj
 .text.xTaskResumeAll.part.0
                0x0800b708      0x13c CMakeFiles/CP_Single_Phase_Rectifier_H743IIT6_Hollies_Provincial.dir/Middlewares/Third_Party/FreeRTOS/Source/tasks.c.obj
 .text.xTaskCreateStatic
                0x0800b844      0x150 CMakeFiles/CP_Single_Phase_Rectifier_H743IIT6_Hollies_Provincial.dir/Middlewares/Third_Party/FreeRTOS/Source/tasks.c.obj
                0x0800b844                xTaskCreateStatic
 .text.xTaskCreate
                0x0800b994      0x124 CMakeFiles/CP_Single_Phase_Rectifier_H743IIT6_Hollies_Provincial.dir/Middlewares/Third_Party/FreeRTOS/Source/tasks.c.obj
                0x0800b994                xTaskCreate
 .text.vTaskDelay
                0x0800bab8       0xac CMakeFiles/CP_Single_Phase_Rectifier_H743IIT6_Hollies_Provincial.dir/Middlewares/Third_Party/FreeRTOS/Source/tasks.c.obj
                0x0800bab8                vTaskDelay
 .text.vTaskStartScheduler
                0x0800bb64      0x120 CMakeFiles/CP_Single_Phase_Rectifier_H743IIT6_Hollies_Provincial.dir/Middlewares/Third_Party/FreeRTOS/Source/tasks.c.obj
                0x0800bb64                vTaskStartScheduler
 .text.vTaskSuspendAll
                0x0800bc84       0x10 CMakeFiles/CP_Single_Phase_Rectifier_H743IIT6_Hollies_Provincial.dir/Middlewares/Third_Party/FreeRTOS/Source/tasks.c.obj
                0x0800bc84                vTaskSuspendAll
 .text.xTaskResumeAll
                0x0800bc94       0x20 CMakeFiles/CP_Single_Phase_Rectifier_H743IIT6_Hollies_Provincial.dir/Middlewares/Third_Party/FreeRTOS/Source/tasks.c.obj
                0x0800bc94                xTaskResumeAll
 .text.xTaskGetTickCount
                0x0800bcb4        0xc CMakeFiles/CP_Single_Phase_Rectifier_H743IIT6_Hollies_Provincial.dir/Middlewares/Third_Party/FreeRTOS/Source/tasks.c.obj
                0x0800bcb4                xTaskGetTickCount
 .text.xTaskIncrementTick
                0x0800bcc0       0x20 CMakeFiles/CP_Single_Phase_Rectifier_H743IIT6_Hollies_Provincial.dir/Middlewares/Third_Party/FreeRTOS/Source/tasks.c.obj
                0x0800bcc0                xTaskIncrementTick
 .text.vTaskSwitchContext
                0x0800bce0       0x8c CMakeFiles/CP_Single_Phase_Rectifier_H743IIT6_Hollies_Provincial.dir/Middlewares/Third_Party/FreeRTOS/Source/tasks.c.obj
                0x0800bce0                vTaskSwitchContext
 .text.vTaskPlaceOnEventList
                0x0800bd6c       0x88 CMakeFiles/CP_Single_Phase_Rectifier_H743IIT6_Hollies_Provincial.dir/Middlewares/Third_Party/FreeRTOS/Source/tasks.c.obj
                0x0800bd6c                vTaskPlaceOnEventList
 .text.vTaskPlaceOnEventListRestricted
                0x0800bdf4       0x94 CMakeFiles/CP_Single_Phase_Rectifier_H743IIT6_Hollies_Provincial.dir/Middlewares/Third_Party/FreeRTOS/Source/tasks.c.obj
                0x0800bdf4                vTaskPlaceOnEventListRestricted
 .text.xTaskRemoveFromEventList
                0x0800be88       0x8c CMakeFiles/CP_Single_Phase_Rectifier_H743IIT6_Hollies_Provincial.dir/Middlewares/Third_Party/FreeRTOS/Source/tasks.c.obj
                0x0800be88                xTaskRemoveFromEventList
 .text.vTaskInternalSetTimeOutState
                0x0800bf14       0x18 CMakeFiles/CP_Single_Phase_Rectifier_H743IIT6_Hollies_Provincial.dir/Middlewares/Third_Party/FreeRTOS/Source/tasks.c.obj
                0x0800bf14                vTaskInternalSetTimeOutState
 .text.xTaskCheckForTimeOut
                0x0800bf2c       0x84 CMakeFiles/CP_Single_Phase_Rectifier_H743IIT6_Hollies_Provincial.dir/Middlewares/Third_Party/FreeRTOS/Source/tasks.c.obj
                0x0800bf2c                xTaskCheckForTimeOut
 .text.vTaskMissedYield
                0x0800bfb0        0xc CMakeFiles/CP_Single_Phase_Rectifier_H743IIT6_Hollies_Provincial.dir/Middlewares/Third_Party/FreeRTOS/Source/tasks.c.obj
                0x0800bfb0                vTaskMissedYield
 .text.xTaskGetSchedulerState
                0x0800bfbc       0x20 CMakeFiles/CP_Single_Phase_Rectifier_H743IIT6_Hollies_Provincial.dir/Middlewares/Third_Party/FreeRTOS/Source/tasks.c.obj
                0x0800bfbc                xTaskGetSchedulerState
 .text.xTaskPriorityDisinherit
                0x0800bfdc       0x88 CMakeFiles/CP_Single_Phase_Rectifier_H743IIT6_Hollies_Provincial.dir/Middlewares/Third_Party/FreeRTOS/Source/tasks.c.obj
                0x0800bfdc                xTaskPriorityDisinherit
 .text.prvSwitchTimerLists
                0x0800c064       0x98 CMakeFiles/CP_Single_Phase_Rectifier_H743IIT6_Hollies_Provincial.dir/Middlewares/Third_Party/FreeRTOS/Source/timers.c.obj
 .text.prvTimerTask
                0x0800c0fc      0x294 CMakeFiles/CP_Single_Phase_Rectifier_H743IIT6_Hollies_Provincial.dir/Middlewares/Third_Party/FreeRTOS/Source/timers.c.obj
 .text.xTimerCreateTimerTask
                0x0800c390       0xbc CMakeFiles/CP_Single_Phase_Rectifier_H743IIT6_Hollies_Provincial.dir/Middlewares/Third_Party/FreeRTOS/Source/timers.c.obj
                0x0800c390                xTimerCreateTimerTask
 .text.SysTick_Handler
                0x0800c44c       0x1c CMakeFiles/CP_Single_Phase_Rectifier_H743IIT6_Hollies_Provincial.dir/12cc7657507c77fa82d6e45e97bbb489/CMSIS_RTOS_V2/cmsis_os2.c.obj
                0x0800c44c                SysTick_Handler
 .text.osKernelInitialize
                0x0800c468       0x24 CMakeFiles/CP_Single_Phase_Rectifier_H743IIT6_Hollies_Provincial.dir/12cc7657507c77fa82d6e45e97bbb489/CMSIS_RTOS_V2/cmsis_os2.c.obj
                0x0800c468                osKernelInitialize
 .text.osKernelStart
                0x0800c48c       0x34 CMakeFiles/CP_Single_Phase_Rectifier_H743IIT6_Hollies_Provincial.dir/12cc7657507c77fa82d6e45e97bbb489/CMSIS_RTOS_V2/cmsis_os2.c.obj
                0x0800c48c                osKernelStart
 .text.osThreadNew
                0x0800c4c0       0x84 CMakeFiles/CP_Single_Phase_Rectifier_H743IIT6_Hollies_Provincial.dir/12cc7657507c77fa82d6e45e97bbb489/CMSIS_RTOS_V2/cmsis_os2.c.obj
                0x0800c4c0                osThreadNew
 .text.osDelay  0x0800c544       0x1c CMakeFiles/CP_Single_Phase_Rectifier_H743IIT6_Hollies_Provincial.dir/12cc7657507c77fa82d6e45e97bbb489/CMSIS_RTOS_V2/cmsis_os2.c.obj
                0x0800c544                osDelay
 .text.vApplicationGetIdleTaskMemory
                0x0800c560       0x1c CMakeFiles/CP_Single_Phase_Rectifier_H743IIT6_Hollies_Provincial.dir/12cc7657507c77fa82d6e45e97bbb489/CMSIS_RTOS_V2/cmsis_os2.c.obj
                0x0800c560                vApplicationGetIdleTaskMemory
 .text.vApplicationGetTimerTaskMemory
                0x0800c57c       0x20 CMakeFiles/CP_Single_Phase_Rectifier_H743IIT6_Hollies_Provincial.dir/12cc7657507c77fa82d6e45e97bbb489/CMSIS_RTOS_V2/cmsis_os2.c.obj
                0x0800c57c                vApplicationGetTimerTaskMemory
 .text.pvPortMalloc
                0x0800c59c      0x178 CMakeFiles/CP_Single_Phase_Rectifier_H743IIT6_Hollies_Provincial.dir/12cc7657507c77fa82d6e45e97bbb489/portable/MemMang/heap_4.c.obj
                0x0800c59c                pvPortMalloc
 .text.vPortFree
                0x0800c714       0xcc CMakeFiles/CP_Single_Phase_Rectifier_H743IIT6_Hollies_Provincial.dir/12cc7657507c77fa82d6e45e97bbb489/portable/MemMang/heap_4.c.obj
                0x0800c714                vPortFree
 .text.prvPortStartFirstTask
                0x0800c7e0       0x28 CMakeFiles/CP_Single_Phase_Rectifier_H743IIT6_Hollies_Provincial.dir/12cc7657507c77fa82d6e45e97bbb489/portable/GCC/ARM_CM4F/port.c.obj
 .text.vPortEnableVFP
                0x0800c808       0x14 CMakeFiles/CP_Single_Phase_Rectifier_H743IIT6_Hollies_Provincial.dir/12cc7657507c77fa82d6e45e97bbb489/portable/GCC/ARM_CM4F/port.c.obj
 .text.prvTaskExitError
                0x0800c81c       0x40 CMakeFiles/CP_Single_Phase_Rectifier_H743IIT6_Hollies_Provincial.dir/12cc7657507c77fa82d6e45e97bbb489/portable/GCC/ARM_CM4F/port.c.obj
 .text.pxPortInitialiseStack
                0x0800c85c       0x30 CMakeFiles/CP_Single_Phase_Rectifier_H743IIT6_Hollies_Provincial.dir/12cc7657507c77fa82d6e45e97bbb489/portable/GCC/ARM_CM4F/port.c.obj
                0x0800c85c                pxPortInitialiseStack
 *fill*         0x0800c88c        0x4 
 .text.SVC_Handler
                0x0800c890       0x24 CMakeFiles/CP_Single_Phase_Rectifier_H743IIT6_Hollies_Provincial.dir/12cc7657507c77fa82d6e45e97bbb489/portable/GCC/ARM_CM4F/port.c.obj
                0x0800c890                SVC_Handler
 .text.vPortEnterCritical
                0x0800c8b4       0x44 CMakeFiles/CP_Single_Phase_Rectifier_H743IIT6_Hollies_Provincial.dir/12cc7657507c77fa82d6e45e97bbb489/portable/GCC/ARM_CM4F/port.c.obj
                0x0800c8b4                vPortEnterCritical
 .text.vPortExitCritical
                0x0800c8f8       0x28 CMakeFiles/CP_Single_Phase_Rectifier_H743IIT6_Hollies_Provincial.dir/12cc7657507c77fa82d6e45e97bbb489/portable/GCC/ARM_CM4F/port.c.obj
                0x0800c8f8                vPortExitCritical
 .text.PendSV_Handler
                0x0800c920       0x64 CMakeFiles/CP_Single_Phase_Rectifier_H743IIT6_Hollies_Provincial.dir/12cc7657507c77fa82d6e45e97bbb489/portable/GCC/ARM_CM4F/port.c.obj
                0x0800c920                PendSV_Handler
 .text.xPortSysTickHandler
                0x0800c984       0x2c CMakeFiles/CP_Single_Phase_Rectifier_H743IIT6_Hollies_Provincial.dir/12cc7657507c77fa82d6e45e97bbb489/portable/GCC/ARM_CM4F/port.c.obj
                0x0800c984                xPortSysTickHandler
 .text.vPortSetupTimerInterrupt
                0x0800c9b0       0x28 CMakeFiles/CP_Single_Phase_Rectifier_H743IIT6_Hollies_Provincial.dir/12cc7657507c77fa82d6e45e97bbb489/portable/GCC/ARM_CM4F/port.c.obj
                0x0800c9b0                vPortSetupTimerInterrupt
 .text.xPortStartScheduler
                0x0800c9d8      0x140 CMakeFiles/CP_Single_Phase_Rectifier_H743IIT6_Hollies_Provincial.dir/12cc7657507c77fa82d6e45e97bbb489/portable/GCC/ARM_CM4F/port.c.obj
                0x0800c9d8                xPortStartScheduler
 .text._sbrk    0x0800cb18       0x48 CMakeFiles/CP_Single_Phase_Rectifier_H743IIT6_Hollies_Provincial.dir/Core/Src/sysmem.c.obj
                0x0800cb18                _sbrk
 .text._getpid  0x0800cb60        0x4 CMakeFiles/CP_Single_Phase_Rectifier_H743IIT6_Hollies_Provincial.dir/Core/Src/syscalls.c.obj
                0x0800cb60                _getpid
 .text._kill    0x0800cb64       0x14 CMakeFiles/CP_Single_Phase_Rectifier_H743IIT6_Hollies_Provincial.dir/Core/Src/syscalls.c.obj
                0x0800cb64                _kill
 .text._exit    0x0800cb78        0xc CMakeFiles/CP_Single_Phase_Rectifier_H743IIT6_Hollies_Provincial.dir/Core/Src/syscalls.c.obj
                0x0800cb78                _exit
 .text._read    0x0800cb84       0x1c CMakeFiles/CP_Single_Phase_Rectifier_H743IIT6_Hollies_Provincial.dir/Core/Src/syscalls.c.obj
                0x0800cb84                _read
 .text._write   0x0800cba0       0x1c CMakeFiles/CP_Single_Phase_Rectifier_H743IIT6_Hollies_Provincial.dir/Core/Src/syscalls.c.obj
                0x0800cba0                _write
 .text._close   0x0800cbbc        0x8 CMakeFiles/CP_Single_Phase_Rectifier_H743IIT6_Hollies_Provincial.dir/Core/Src/syscalls.c.obj
                0x0800cbbc                _close
 .text._fstat   0x0800cbc4        0xc CMakeFiles/CP_Single_Phase_Rectifier_H743IIT6_Hollies_Provincial.dir/Core/Src/syscalls.c.obj
                0x0800cbc4                _fstat
 .text._isatty  0x0800cbd0        0x4 CMakeFiles/CP_Single_Phase_Rectifier_H743IIT6_Hollies_Provincial.dir/Core/Src/syscalls.c.obj
                0x0800cbd0                _isatty
 .text._lseek   0x0800cbd4        0x4 CMakeFiles/CP_Single_Phase_Rectifier_H743IIT6_Hollies_Provincial.dir/Core/Src/syscalls.c.obj
                0x0800cbd4                _lseek
 .text.Reset_Handler
                0x0800cbd8       0x50 CMakeFiles/CP_Single_Phase_Rectifier_H743IIT6_Hollies_Provincial.dir/startup_stm32h743xx.s.obj
                0x0800cbd8                Reset_Handler
 .text.Default_Handler
                0x0800cc28        0x2 CMakeFiles/CP_Single_Phase_Rectifier_H743IIT6_Hollies_Provincial.dir/startup_stm32h743xx.s.obj
                0x0800cc28                RTC_Alarm_IRQHandler
                0x0800cc28                EXTI2_IRQHandler
                0x0800cc28                TIM8_CC_IRQHandler
                0x0800cc28                HRTIM1_Master_IRQHandler
                0x0800cc28                UART8_IRQHandler
                0x0800cc28                SPI4_IRQHandler
                0x0800cc28                TIM1_CC_IRQHandler
                0x0800cc28                BDMA_Channel6_IRQHandler
                0x0800cc28                DMA2_Stream5_IRQHandler
                0x0800cc28                HRTIM1_FLT_IRQHandler
                0x0800cc28                JPEG_IRQHandler
                0x0800cc28                DMA1_Stream5_IRQHandler
                0x0800cc28                BDMA_Channel1_IRQHandler
                0x0800cc28                HRTIM1_TIMD_IRQHandler
                0x0800cc28                TAMP_STAMP_IRQHandler
                0x0800cc28                EXTI3_IRQHandler
                0x0800cc28                LPTIM4_IRQHandler
                0x0800cc28                TIM8_TRG_COM_TIM14_IRQHandler
                0x0800cc28                LPTIM2_IRQHandler
                0x0800cc28                DFSDM1_FLT1_IRQHandler
                0x0800cc28                DMAMUX2_OVR_IRQHandler
                0x0800cc28                TIM8_UP_TIM13_IRQHandler
                0x0800cc28                I2C3_ER_IRQHandler
                0x0800cc28                DFSDM1_FLT2_IRQHandler
                0x0800cc28                MDMA_IRQHandler
                0x0800cc28                LPTIM3_IRQHandler
                0x0800cc28                HSEM1_IRQHandler
                0x0800cc28                EXTI0_IRQHandler
                0x0800cc28                I2C2_EV_IRQHandler
                0x0800cc28                DMA1_Stream2_IRQHandler
                0x0800cc28                FPU_IRQHandler
                0x0800cc28                OTG_HS_WKUP_IRQHandler
                0x0800cc28                FDCAN1_IT1_IRQHandler
                0x0800cc28                LTDC_ER_IRQHandler
                0x0800cc28                DMA2_Stream2_IRQHandler
                0x0800cc28                HRTIM1_TIME_IRQHandler
                0x0800cc28                SPI1_IRQHandler
                0x0800cc28                DCMI_IRQHandler
                0x0800cc28                HRTIM1_TIMC_IRQHandler
                0x0800cc28                DMA2_Stream3_IRQHandler
                0x0800cc28                SAI2_IRQHandler
                0x0800cc28                DFSDM1_FLT3_IRQHandler
                0x0800cc28                USART6_IRQHandler
                0x0800cc28                TIM17_IRQHandler
                0x0800cc28                USART3_IRQHandler
                0x0800cc28                BDMA_Channel7_IRQHandler
                0x0800cc28                LPTIM5_IRQHandler
                0x0800cc28                UART5_IRQHandler
                0x0800cc28                ADC3_IRQHandler
                0x0800cc28                DMA2_Stream0_IRQHandler
                0x0800cc28                TIM4_IRQHandler
                0x0800cc28                BDMA_Channel2_IRQHandler
                0x0800cc28                QUADSPI_IRQHandler
                0x0800cc28                I2C1_EV_IRQHandler
                0x0800cc28                DMA1_Stream6_IRQHandler
                0x0800cc28                DMAMUX1_OVR_IRQHandler
                0x0800cc28                DMA1_Stream1_IRQHandler
                0x0800cc28                TIM16_IRQHandler
                0x0800cc28                UART4_IRQHandler
                0x0800cc28                BDMA_Channel5_IRQHandler
                0x0800cc28                TIM3_IRQHandler
                0x0800cc28                RCC_IRQHandler
                0x0800cc28                TIM8_BRK_TIM12_IRQHandler
                0x0800cc28                TIM1_TRG_COM_IRQHandler
                0x0800cc28                Default_Handler
                0x0800cc28                ECC_IRQHandler
                0x0800cc28                CEC_IRQHandler
                0x0800cc28                EXTI15_10_IRQHandler
                0x0800cc28                BDMA_Channel0_IRQHandler
                0x0800cc28                ADC_IRQHandler
                0x0800cc28                DMA1_Stream7_IRQHandler
                0x0800cc28                HRTIM1_TIMA_IRQHandler
                0x0800cc28                SPI5_IRQHandler
                0x0800cc28                TIM7_IRQHandler
                0x0800cc28                SDMMC1_IRQHandler
                0x0800cc28                TIM5_IRQHandler
                0x0800cc28                DMA2_Stream7_IRQHandler
                0x0800cc28                TIM15_IRQHandler
                0x0800cc28                PVD_AVD_IRQHandler
                0x0800cc28                I2C3_EV_IRQHandler
                0x0800cc28                RTC_WKUP_IRQHandler
                0x0800cc28                LTDC_IRQHandler
                0x0800cc28                SAI3_IRQHandler
                0x0800cc28                ETH_WKUP_IRQHandler
                0x0800cc28                SPDIF_RX_IRQHandler
                0x0800cc28                SPI2_IRQHandler
                0x0800cc28                OTG_HS_EP1_IN_IRQHandler
                0x0800cc28                DMA1_Stream0_IRQHandler
                0x0800cc28                CRS_IRQHandler
                0x0800cc28                EXTI4_IRQHandler
                0x0800cc28                RNG_IRQHandler
                0x0800cc28                HRTIM1_TIMB_IRQHandler
                0x0800cc28                FDCAN2_IT1_IRQHandler
                0x0800cc28                ETH_IRQHandler
                0x0800cc28                TIM1_UP_IRQHandler
                0x0800cc28                BDMA_Channel4_IRQHandler
                0x0800cc28                OTG_HS_EP1_OUT_IRQHandler
                0x0800cc28                WWDG_IRQHandler
                0x0800cc28                SPI6_IRQHandler
                0x0800cc28                MDIOS_IRQHandler
                0x0800cc28                I2C4_EV_IRQHandler
                0x0800cc28                FDCAN2_IT0_IRQHandler
                0x0800cc28                LPUART1_IRQHandler
                0x0800cc28                FDCAN1_IT0_IRQHandler
                0x0800cc28                TIM2_IRQHandler
                0x0800cc28                OTG_FS_WKUP_IRQHandler
                0x0800cc28                OTG_HS_IRQHandler
                0x0800cc28                DMA2D_IRQHandler
                0x0800cc28                TIM1_BRK_IRQHandler
                0x0800cc28                EXTI1_IRQHandler
                0x0800cc28                SDMMC2_IRQHandler
                0x0800cc28                OTG_FS_EP1_OUT_IRQHandler
                0x0800cc28                BDMA_Channel3_IRQHandler
                0x0800cc28                UART7_IRQHandler
                0x0800cc28                MDIOS_WKUP_IRQHandler
                0x0800cc28                USART2_IRQHandler
                0x0800cc28                DFSDM1_FLT0_IRQHandler
                0x0800cc28                SAI4_IRQHandler
                0x0800cc28                I2C2_ER_IRQHandler
                0x0800cc28                DMA2_Stream1_IRQHandler
                0x0800cc28                FLASH_IRQHandler
                0x0800cc28                DMA2_Stream4_IRQHandler
                0x0800cc28                USART1_IRQHandler
                0x0800cc28                OTG_FS_IRQHandler
                0x0800cc28                SPI3_IRQHandler
                0x0800cc28                WAKEUP_PIN_IRQHandler
                0x0800cc28                DMA1_Stream4_IRQHandler
                0x0800cc28                OTG_FS_EP1_IN_IRQHandler
                0x0800cc28                I2C1_ER_IRQHandler
                0x0800cc28                FMC_IRQHandler
                0x0800cc28                FDCAN_CAL_IRQHandler
                0x0800cc28                SWPMI1_IRQHandler
                0x0800cc28                COMP1_IRQHandler
                0x0800cc28                LPTIM1_IRQHandler
                0x0800cc28                I2C4_ER_IRQHandler
                0x0800cc28                DMA2_Stream6_IRQHandler
                0x0800cc28                SAI1_IRQHandler
                0x0800cc28                DMA1_Stream3_IRQHandler
 *fill*         0x0800cc2a        0x2 
 .text.arm_rms_f32
                0x0800cc2c       0xd0 D:/User/Document/Project/STM32_Cmake_Project/CP_Single_Phase_Rectifier_H743IIT6_Hollies_Provincial/Drivers/CMSIS/DSP/Lib/GCC\libarm_cortexM7lfdp_math.a(arm_rms_f32.o)
                0x0800cc2c                arm_rms_f32
 .text.arm_sin_f32
                0x0800ccfc       0x8c D:/User/Document/Project/STM32_Cmake_Project/CP_Single_Phase_Rectifier_H743IIT6_Hollies_Provincial/Drivers/CMSIS/DSP/Lib/GCC\libarm_cortexM7lfdp_math.a(arm_sin_f32.o)
                0x0800ccfc                arm_sin_f32
 .text.arm_cos_f32
                0x0800cd88       0x94 D:/User/Document/Project/STM32_Cmake_Project/CP_Single_Phase_Rectifier_H743IIT6_Hollies_Provincial/Drivers/CMSIS/DSP/Lib/GCC\libarm_cortexM7lfdp_math.a(arm_cos_f32.o)
                0x0800cd88                arm_cos_f32
 .text.snprintf
                0x0800ce1c       0x68 E:/Software/STM32Cube/STM32CubeCLT/GNU-tools-for-STM32/bin/../lib/gcc/arm-none-eabi/12.3.1/../../../../arm-none-eabi/lib/thumb/v7e-m+dp/hard\libg_nano.a(libc_a-snprintf.o)
                0x0800ce1c                sniprintf
                0x0800ce1c                snprintf
 .text.__errno  0x0800ce84        0xc E:/Software/STM32Cube/STM32CubeCLT/GNU-tools-for-STM32/bin/../lib/gcc/arm-none-eabi/12.3.1/../../../../arm-none-eabi/lib/thumb/v7e-m+dp/hard\libg_nano.a(libc_a-errno.o)
                0x0800ce84                __errno
 .text.__ssputs_r
                0x0800ce90       0xb6 E:/Software/STM32Cube/STM32CubeCLT/GNU-tools-for-STM32/bin/../lib/gcc/arm-none-eabi/12.3.1/../../../../arm-none-eabi/lib/thumb/v7e-m+dp/hard\libg_nano.a(libc_a-nano-svfprintf.o)
                0x0800ce90                __ssputs_r
 *fill*         0x0800cf46        0x2 
 .text._svfprintf_r
                0x0800cf48      0x1f8 E:/Software/STM32Cube/STM32CubeCLT/GNU-tools-for-STM32/bin/../lib/gcc/arm-none-eabi/12.3.1/../../../../arm-none-eabi/lib/thumb/v7e-m+dp/hard\libg_nano.a(libc_a-nano-svfprintf.o)
                0x0800cf48                _svfiprintf_r
                0x0800cf48                _svfprintf_r
 .text.fmod     0x0800d140       0x48 E:/Software/STM32Cube/STM32CubeCLT/GNU-tools-for-STM32/bin/../lib/gcc/arm-none-eabi/12.3.1/../../../../arm-none-eabi/lib/thumb/v7e-m+dp/hard\libm.a(libm_a-w_fmod.o)
                0x0800d140                fmod
 .text.sqrt     0x0800d188       0x40 E:/Software/STM32Cube/STM32CubeCLT/GNU-tools-for-STM32/bin/../lib/gcc/arm-none-eabi/12.3.1/../../../../arm-none-eabi/lib/thumb/v7e-m+dp/hard\libm.a(libm_a-w_sqrt.o)
                0x0800d188                sqrt
 .text.asinf    0x0800d1c8       0x58 E:/Software/STM32Cube/STM32CubeCLT/GNU-tools-for-STM32/bin/../lib/gcc/arm-none-eabi/12.3.1/../../../../arm-none-eabi/lib/thumb/v7e-m+dp/hard\libm.a(libm_a-wf_asin.o)
                0x0800d1c8                asinf
 .text.sqrtf    0x0800d220       0x3c E:/Software/STM32Cube/STM32CubeCLT/GNU-tools-for-STM32/bin/../lib/gcc/arm-none-eabi/12.3.1/../../../../arm-none-eabi/lib/thumb/v7e-m+dp/hard\libm.a(libm_a-wf_sqrt.o)
                0x0800d220                sqrtf
 .text.fabsf    0x0800d25c        0xe E:/Software/STM32Cube/STM32CubeCLT/GNU-tools-for-STM32/bin/../lib/gcc/arm-none-eabi/12.3.1/../../../../arm-none-eabi/lib/thumb/v7e-m+dp/hard\libm.a(libm_a-sf_fabs.o)
                0x0800d25c                fabsf
 *fill*         0x0800d26a        0x2 
 .text.nanf     0x0800d26c        0xc E:/Software/STM32Cube/STM32CubeCLT/GNU-tools-for-STM32/bin/../lib/gcc/arm-none-eabi/12.3.1/../../../../arm-none-eabi/lib/thumb/v7e-m+dp/hard\libm.a(libm_a-sf_nan.o)
                0x0800d26c                nanf
 .text.__ieee754_sqrt
                0x0800d278        0x6 E:/Software/STM32Cube/STM32CubeCLT/GNU-tools-for-STM32/bin/../lib/gcc/arm-none-eabi/12.3.1/../../../../arm-none-eabi/lib/thumb/v7e-m+dp/hard\libm.a(libm_a-e_sqrt.o)
                0x0800d278                __ieee754_sqrt
 .text.__ieee754_sqrtf
                0x0800d27e        0x6 E:/Software/STM32Cube/STM32CubeCLT/GNU-tools-for-STM32/bin/../lib/gcc/arm-none-eabi/12.3.1/../../../../arm-none-eabi/lib/thumb/v7e-m+dp/hard\libm.a(libm_a-ef_sqrt.o)
                0x0800d27e                __ieee754_sqrtf
 .text.__ieee754_fmod
                0x0800d284      0x218 E:/Software/STM32Cube/STM32CubeCLT/GNU-tools-for-STM32/bin/../lib/gcc/arm-none-eabi/12.3.1/../../../../arm-none-eabi/lib/thumb/v7e-m+dp/hard\libm.a(libm_a-e_fmod.o)
                0x0800d284                __ieee754_fmod
 .text.__ieee754_asinf
                0x0800d49c      0x1cc E:/Software/STM32Cube/STM32CubeCLT/GNU-tools-for-STM32/bin/../lib/gcc/arm-none-eabi/12.3.1/../../../../arm-none-eabi/lib/thumb/v7e-m+dp/hard\libm.a(libm_a-ef_asin.o)
                0x0800d49c                __ieee754_asinf
 *(.glue_7)
 .glue_7        0x0800d668        0x0 linker stubs
 *(.glue_7t)
 .glue_7t       0x0800d668        0x0 linker stubs
 *(.eh_frame)
 .eh_frame      0x0800d668        0x0 E:/Software/STM32Cube/STM32CubeCLT/GNU-tools-for-STM32/bin/../lib/gcc/arm-none-eabi/12.3.1/thumb/v7e-m+dp/hard/crtbegin.o
 *(.init)
 .init          0x0800d668        0x4 E:/Software/STM32Cube/STM32CubeCLT/GNU-tools-for-STM32/bin/../lib/gcc/arm-none-eabi/12.3.1/thumb/v7e-m+dp/hard/crti.o
                0x0800d668                _init
 .init          0x0800d66c        0x8 E:/Software/STM32Cube/STM32CubeCLT/GNU-tools-for-STM32/bin/../lib/gcc/arm-none-eabi/12.3.1/thumb/v7e-m+dp/hard/crtn.o
 *(.fini)
 .fini          0x0800d674        0x4 E:/Software/STM32Cube/STM32CubeCLT/GNU-tools-for-STM32/bin/../lib/gcc/arm-none-eabi/12.3.1/thumb/v7e-m+dp/hard/crti.o
                0x0800d674                _fini
 .fini          0x0800d678        0x8 E:/Software/STM32Cube/STM32CubeCLT/GNU-tools-for-STM32/bin/../lib/gcc/arm-none-eabi/12.3.1/thumb/v7e-m+dp/hard/crtn.o
                0x0800d680                        . = ALIGN (0x4)
                0x0800d680                        _etext = .

.vfp11_veneer   0x0800d680        0x0
 .vfp11_veneer  0x0800d680        0x0 linker stubs

.v4_bx          0x0800d680        0x0
 .v4_bx         0x0800d680        0x0 linker stubs

.iplt           0x0800d680        0x0
 .iplt          0x0800d680        0x0 E:/Software/STM32Cube/STM32CubeCLT/GNU-tools-for-STM32/bin/../lib/gcc/arm-none-eabi/12.3.1/thumb/v7e-m+dp/hard/crtbegin.o

.rodata         0x0800d680     0x2520
                0x0800d680                        . = ALIGN (0x4)
 *(.rodata)
 *(.rodata*)
 .rodata._printf_float.str1.1
                0x0800d680       0x12 E:/Software/STM32Cube/STM32CubeCLT/GNU-tools-for-STM32/bin/../lib/gcc/arm-none-eabi/12.3.1/../../../../arm-none-eabi/lib/thumb/v7e-m+dp/hard\libc_nano.a(libc_a-nano-vfprintf_float.o)
 .rodata._printf_i.str1.1
                0x0800d692       0x22 E:/Software/STM32Cube/STM32CubeCLT/GNU-tools-for-STM32/bin/../lib/gcc/arm-none-eabi/12.3.1/../../../../arm-none-eabi/lib/thumb/v7e-m+dp/hard\libc_nano.a(libc_a-nano-vfprintf_i.o)
 .rodata._dtoa_r.str1.1
                0x0800d6b4       0x8d E:/Software/STM32Cube/STM32CubeCLT/GNU-tools-for-STM32/bin/../lib/gcc/arm-none-eabi/12.3.1/../../../../arm-none-eabi/lib/thumb/v7e-m+dp/hard\libc_nano.a(libc_a-dtoa.o)
                                 0x8f (size before relaxing)
 .rodata._Balloc.str1.1
                0x0800d741       0x59 E:/Software/STM32Cube/STM32CubeCLT/GNU-tools-for-STM32/bin/../lib/gcc/arm-none-eabi/12.3.1/../../../../arm-none-eabi/lib/thumb/v7e-m+dp/hard\libc_nano.a(libc_a-mprec.o)
                                 0x70 (size before relaxing)
 .rodata.__multadd.str1.1
                0x0800d79a       0x11 E:/Software/STM32Cube/STM32CubeCLT/GNU-tools-for-STM32/bin/../lib/gcc/arm-none-eabi/12.3.1/../../../../arm-none-eabi/lib/thumb/v7e-m+dp/hard\libc_nano.a(libc_a-mprec.o)
 *fill*         0x0800d79a        0x2 
 .rodata.p05.0  0x0800d79c        0xc E:/Software/STM32Cube/STM32CubeCLT/GNU-tools-for-STM32/bin/../lib/gcc/arm-none-eabi/12.3.1/../../../../arm-none-eabi/lib/thumb/v7e-m+dp/hard\libc_nano.a(libc_a-mprec.o)
 .rodata.__mprec_bigtens
                0x0800d7a8       0x28 E:/Software/STM32Cube/STM32CubeCLT/GNU-tools-for-STM32/bin/../lib/gcc/arm-none-eabi/12.3.1/../../../../arm-none-eabi/lib/thumb/v7e-m+dp/hard\libc_nano.a(libc_a-mprec.o)
                0x0800d7a8                __mprec_bigtens
 .rodata.__mprec_tens
                0x0800d7d0       0xc8 E:/Software/STM32Cube/STM32CubeCLT/GNU-tools-for-STM32/bin/../lib/gcc/arm-none-eabi/12.3.1/../../../../arm-none-eabi/lib/thumb/v7e-m+dp/hard\libc_nano.a(libc_a-mprec.o)
                0x0800d7d0                __mprec_tens
 .rodata._setlocale_r.str1.1
                0x0800d898        0x8 E:/Software/STM32Cube/STM32CubeCLT/GNU-tools-for-STM32/bin/../lib/gcc/arm-none-eabi/12.3.1/../../../../arm-none-eabi/lib/thumb/v7e-m+dp/hard\libc_nano.a(libc_a-locale.o)
                                  0x9 (size before relaxing)
 .rodata.str1.1